../Core/Inc/mpu.h:22:6:MPU6050_Init	32	static
../Core/Inc/mpu.h:31:6:MPU6050_Read_Accel	40	static
../Core/Inc/mpu.h:52:6:MPU6050_Read_Gyro	40	static
../Core/Src/main.c:71:5:main	88	static
../Core/Src/main.c:133:6:SystemClock_Config	96	static
../Core/Src/main.c:184:13:MX_I2C1_Init	8	static
../Core/Src/main.c:232:13:MX_USART1_UART_Init	8	static
../Core/Src/main.c:280:13:MX_GPIO_Init	16	static
../Core/Src/main.c:295:5:_write	24	static
../Core/Src/main.c:306:6:Error_Handler	4	static,ignoring_inline_asm
