14:45:59 **** Incremental Build of configuration Debug for project IMU_Acquizition ****
make -j12 all 
arm-none-eabi-size  IMU_Acquizition.elf 
   text	   data	    bss	    dec	    hex	filename
  41828	    468	   2156	  44452	   ada4	IMU_Acquizition.elf
Finished building: default.size.stdout
 
14:47:43 **** Incremental Build of configuration Debug for project IMU_Acquizition ****
make -j12 all 
arm-none-eabi-size  IMU_Acquizition.elf 
   text	   data	    bss	    dec	    hex	filename
  41828	    468	   2156	  44452	   ada4	IMU_Acquizition.elf
Finished building: default.size.stdout
 
15:08:50 **** Incremental Build of configuration Debug for project IMU_Acquizition ****
make -j12 all 
arm-none-eabi-size  IMU_Acquizition.elf 
   text	   data	    bss	    dec	    hex	filename
  41828	    468	   2156	  44452	   ada4	IMU_Acquizition.elf
Finished building: default.size.stdout
 
