Archive member included to satisfy reference by file (symbol)

D:\TinyML_Workspace\TinyML\STM32\Nano_Acquizition\lib\libneai.a(neai_entry.o)
                              ./Core/Src/main.o (neai_classification_init)
D:\TinyML_Workspace\TinyML\STM32\Nano_Acquizition\lib\libneai.a(preproc_params.o)
                              D:\TinyML_Workspace\TinyML\STM32\Nano_Acquizition\lib\libneai.a(neai_entry.o) (preprocessing_context_init)
D:\TinyML_Workspace\TinyML\STM32\Nano_Acquizition\lib\libneai.a(preprocessing_chain.o)
                              D:\TinyML_Workspace\TinyML\STM32\Nano_Acquizition\lib\libneai.a(neai_entry.o) (preprocessing_chain_execute)
D:\TinyML_Workspace\TinyML\STM32\Nano_Acquizition\lib\libneai.a(short_time_fft.o)
                              D:\TinyML_Workspace\TinyML\STM32\Nano_Acquizition\lib\libneai.a(preprocessing_chain.o) (apply_stft)
D:\TinyML_Workspace\TinyML\STM32\Nano_Acquizition\lib\libneai.a(stft_params.o)
                              D:\TinyML_Workspace\TinyML\STM32\Nano_Acquizition\lib\libneai.a(preproc_params.o) (fft_index)
D:\TinyML_Workspace\TinyML\STM32\Nano_Acquizition\lib\libneai.a(utils.o)
                              D:\TinyML_Workspace\TinyML\STM32\Nano_Acquizition\lib\libneai.a(preprocessing_chain.o) (apply_absolute_from_interleaved)
D:\TinyML_Workspace\TinyML\STM32\Nano_Acquizition\lib\libneai.a(window_functions.o)
                              D:\TinyML_Workspace\TinyML\STM32\Nano_Acquizition\lib\libneai.a(short_time_fft.o) (apply_window_function)
D:\TinyML_Workspace\TinyML\STM32\Nano_Acquizition\lib\libneai.a(class_names.o)
                              D:\TinyML_Workspace\TinyML\STM32\Nano_Acquizition\lib\libneai.a(neai_entry.o) (neai_class_names)
D:\TinyML_Workspace\TinyML\STM32\Nano_Acquizition\lib\libneai.a(cmsis_signal_ops.o)
                              D:\TinyML_Workspace\TinyML\STM32\Nano_Acquizition\lib\libneai.a(window_functions.o) (signal_mult_f32)
D:\TinyML_Workspace\TinyML\STM32\Nano_Acquizition\lib\libneai.a(fft_utils.o)
                              D:\TinyML_Workspace\TinyML\STM32\Nano_Acquizition\lib\libneai.a(short_time_fft.o) (convert_to_frequency_domain_normalized)
D:\TinyML_Workspace\TinyML\STM32\Nano_Acquizition\lib\libneai.a(interleaved.o)
                              D:\TinyML_Workspace\TinyML\STM32\Nano_Acquizition\lib\libneai.a(preprocessing_chain.o) (apply_interleaved)
D:\TinyML_Workspace\TinyML\STM32\Nano_Acquizition\lib\libneai.a(lstm.o)
                              D:\TinyML_Workspace\TinyML\STM32\Nano_Acquizition\lib\libneai.a(neai_entry.o) (lstm_init)
D:\TinyML_Workspace\TinyML\STM32\Nano_Acquizition\lib\libneai.a(lstm_model.o)
                              D:\TinyML_Workspace\TinyML\STM32\Nano_Acquizition\lib\libneai.a(neai_entry.o) (lstm_model_knowledge)
D:\TinyML_Workspace\TinyML\STM32\Nano_Acquizition\lib\libneai.a(neai_math.o)
                              D:\TinyML_Workspace\TinyML\STM32\Nano_Acquizition\lib\libneai.a(lstm.o) (lm_dot_prod_f32)
D:\TinyML_Workspace\TinyML\STM32\Nano_Acquizition\lib\libneai.a(pooling.o)
                              D:\TinyML_Workspace\TinyML\STM32\Nano_Acquizition\lib\libneai.a(preprocessing_chain.o) (apply_pooling)
D:\TinyML_Workspace\TinyML\STM32\Nano_Acquizition\lib\libneai.a(arm_abs_f32.o)
                              D:\TinyML_Workspace\TinyML\STM32\Nano_Acquizition\lib\libneai.a(cmsis_signal_ops.o) (neai_arm_abs_f32)
D:\TinyML_Workspace\TinyML\STM32\Nano_Acquizition\lib\libneai.a(arm_cmplx_mag_f32.o)
                              D:\TinyML_Workspace\TinyML\STM32\Nano_Acquizition\lib\libneai.a(cmsis_signal_ops.o) (neai_arm_cmplx_mag_f32)
D:\TinyML_Workspace\TinyML\STM32\Nano_Acquizition\lib\libneai.a(arm_dot_prod_f32.o)
                              D:\TinyML_Workspace\TinyML\STM32\Nano_Acquizition\lib\libneai.a(cmsis_signal_ops.o) (neai_arm_dot_prod_f32)
D:\TinyML_Workspace\TinyML\STM32\Nano_Acquizition\lib\libneai.a(arm_max_f32.o)
                              D:\TinyML_Workspace\TinyML\STM32\Nano_Acquizition\lib\libneai.a(cmsis_signal_ops.o) (neai_arm_max_f32)
D:\TinyML_Workspace\TinyML\STM32\Nano_Acquizition\lib\libneai.a(arm_mult_f32.o)
                              D:\TinyML_Workspace\TinyML\STM32\Nano_Acquizition\lib\libneai.a(cmsis_signal_ops.o) (neai_arm_mult_f32)
D:\TinyML_Workspace\TinyML\STM32\Nano_Acquizition\lib\libneai.a(arm_rfft_fast_f32.o)
                              D:\TinyML_Workspace\TinyML\STM32\Nano_Acquizition\lib\libneai.a(cmsis_signal_ops.o) (neai_arm_rfft_fast_f32)
D:\TinyML_Workspace\TinyML\STM32\Nano_Acquizition\lib\libneai.a(arm_rfft_fast_init_256_f32.o)
                              D:\TinyML_Workspace\TinyML\STM32\Nano_Acquizition\lib\libneai.a(cmsis_signal_ops.o) (neai_arm_rfft_fast_init_f32)
D:\TinyML_Workspace\TinyML\STM32\Nano_Acquizition\lib\libneai.a(arm_scale_f32.o)
                              D:\TinyML_Workspace\TinyML\STM32\Nano_Acquizition\lib\libneai.a(cmsis_signal_ops.o) (neai_arm_scale_f32)
[...]
Memory Configuration

Name             Origin             Length             Attributes
RAM              0x20000000         0x000a0000         xrw
RAM2             0x10000000         0x00010000         xrw
RAM3             0x20040000         0x00060000         xrw
FLASH            0x08000000         0x00200000         xr
*default*        0x00000000         0xffffffff

Linker script and memory map

LOAD C:/ST/STM32CubeIDE_1.19.0/STM32CubeIDE/plugins/com.st.stm32cube.ide.mcu.externaltools.gnu-tools-for-stm32.13.3.rel1.win32_1.0.0.202411081344/tools/bin/../lib/gcc/arm-none-eabi/13.3.1/thumb/v7e-m+fp/hard/crti.o
LOAD C:/ST/STM32CubeIDE_1.19.0/STM32CubeIDE/plugins/com.st.stm32cube.ide.mcu.externaltools.gnu-tools-for-stm32.13.3.rel1.win32_1.0.0.202411081344/tools/bin/../lib/gcc/arm-none-eabi/13.3.1/thumb/v7e-m+fp/hard/crtbegin.o
LOAD C:/ST/STM32CubeIDE_1.19.0/STM32CubeIDE/plugins/com.st.stm32cube.ide.mcu.externaltools.gnu-tools-for-stm32.13.3.rel1.win32_1.0.0.202411081344/tools/bin/../lib/gcc/arm-none-eabi/13.3.1/../../../../arm-none-eabi/lib/thumb/v7e-m+fp/hard/crt0.o
LOAD ./Core/Src/imu.o
LOAD ./Core/Src/lsm6dsl.o
LOAD ./Core/Src/lsm6dsl_reg.o
LOAD ./Core/Src/main.o
LOAD ./Core/Src/stm32l4xx_hal_msp.o
LOAD ./Core/Src/stm32l4xx_it.o
LOAD ./Core/Src/syscalls.o
LOAD ./Core/Src/sysmem.o
LOAD ./Core/Src/system_stm32l4xx.o
LOAD ./Core/Startup/startup_stm32l4s5vitx.o
LOAD ./Drivers/STM32L4xx_HAL_Driver/Src/stm32l4xx_hal.o
LOAD ./Drivers/STM32L4xx_HAL_Driver/Src/stm32l4xx_hal_cortex.o
LOAD ./Drivers/STM32L4xx_HAL_Driver/Src/stm32l4xx_hal_dma.o
LOAD ./Drivers/STM32L4xx_HAL_Driver/Src/stm32l4xx_hal_dma_ex.o
LOAD ./Drivers/STM32L4xx_HAL_Driver/Src/stm32l4xx_hal_exti.o
LOAD ./Drivers/STM32L4xx_HAL_Driver/Src/stm32l4xx_hal_flash.o
LOAD ./Drivers/STM32L4xx_HAL_Driver/Src/stm32l4xx_hal_flash_ex.o
LOAD ./Drivers/STM32L4xx_HAL_Driver/Src/stm32l4xx_hal_flash_ramfunc.o
LOAD ./Drivers/STM32L4xx_HAL_Driver/Src/stm32l4xx_hal_gpio.o
LOAD ./Drivers/STM32L4xx_HAL_Driver/Src/stm32l4xx_hal_i2c.o
LOAD ./Drivers/STM32L4xx_HAL_Driver/Src/stm32l4xx_hal_i2c_ex.o
LOAD ./Drivers/STM32L4xx_HAL_Driver/Src/stm32l4xx_hal_pwr.o
LOAD ./Drivers/STM32L4xx_HAL_Driver/Src/stm32l4xx_hal_pwr_ex.o
LOAD ./Drivers/STM32L4xx_HAL_Driver/Src/stm32l4xx_hal_rcc.o
LOAD ./Drivers/STM32L4xx_HAL_Driver/Src/stm32l4xx_hal_rcc_ex.o
LOAD ./Drivers/STM32L4xx_HAL_Driver/Src/stm32l4xx_hal_uart.o
LOAD ./Drivers/STM32L4xx_HAL_Driver/Src/stm32l4xx_hal_uart_ex.o
LOAD D:\TinyML_Workspace\TinyML\STM32\Nano_Acquizition\lib\libneai.a
START GROUP
LOAD C:/ST/STM32CubeIDE_1.19.0/STM32CubeIDE/plugins/com.st.stm32cube.ide.mcu.externaltools.gnu-tools-for-stm32.13.3.rel1.win32_1.0.0.202411081344/tools/bin/../lib/gcc/arm-none-eabi/13.3.1/../../../../arm-none-eabi/lib/thumb/v7e-m+fp/hard\libc_nano.a
LOAD C:/ST/STM32CubeIDE_1.19.0/STM32CubeIDE/plugins/com.st.stm32cube.ide.mcu.externaltools.gnu-tools-for-stm32.13.3.rel1.win32_1.0.0.202411081344/tools/bin/../lib/gcc/arm-none-eabi/13.3.1/../../../../arm-none-eabi/lib/thumb/v7e-m+fp/hard\libm.a
END GROUP
START GROUP
LOAD C:/ST/STM32CubeIDE_1.19.0/STM32CubeIDE/plugins/com.st.stm32cube.ide.mcu.externaltools.gnu-tools-for-stm32.13.3.rel1.win32_1.0.0.202411081344/tools/bin/../lib/gcc/arm-none-eabi/13.3.1/thumb/v7e-m+fp/hard\libgcc.a
LOAD C:/ST/STM32CubeIDE_1.19.0/STM32CubeIDE/plugins/com.st.stm32cube.ide.mcu.externaltools.gnu-tools-for-stm32.13.3.rel1.win32_1.0.0.202411081344/tools/bin/../lib/gcc/arm-none-eabi/13.3.1/../../../../arm-none-eabi/lib/thumb/v7e-m+fp/hard\libc_nano.a
END GROUP
START GROUP
LOAD C:/ST/STM32CubeIDE_1.19.0/STM32CubeIDE/plugins/com.st.stm32cube.ide.mcu.externaltools.gnu-tools-for-stm32.13.3.rel1.win32_1.0.0.202411081344/tools/bin/../lib/gcc/arm-none-eabi/13.3.1/thumb/v7e-m+fp/hard\libgcc.a
LOAD C:/ST/STM32CubeIDE_1.19.0/STM32CubeIDE/plugins/com.st.stm32cube.ide.mcu.externaltools.gnu-tools-for-stm32.13.3.rel1.win32_1.0.0.202411081344/tools/bin/../lib/gcc/arm-none-eabi/13.3.1/../../../../arm-none-eabi/lib/thumb/v7e-m+fp/hard\libc_nano.a
LOAD C:/ST/STM32CubeIDE_1.19.0/STM32CubeIDE/plugins/com.st.stm32cube.ide.mcu.externaltools.gnu-tools-for-stm32.13.3.rel1.win32_1.0.0.202411081344/tools/bin/../lib/gcc/arm-none-eabi/13.3.1/../../../../arm-none-eabi/lib/thumb/v7e-m+fp/hard\libnosys.a
END GROUP
START GROUP
LOAD C:/ST/STM32CubeIDE_1.19.0/STM32CubeIDE/plugins/com.st.stm32cube.ide.mcu.externaltools.gnu-tools-for-stm32.13.3.rel1.win32_1.0.0.202411081344/tools/bin/../lib/gcc/arm-none-eabi/13.3.1/thumb/v7e-m+fp/hard\libgcc.a
LOAD C:/ST/STM32CubeIDE_1.19.0/STM32CubeIDE/plugins/com.st.stm32cube.ide.mcu.externaltools.gnu-tools-for-stm32.13.3.rel1.win32_1.0.0.202411081344/tools/bin/../lib/gcc/arm-none-eabi/13.3.1/../../../../arm-none-eabi/lib/thumb/v7e-m+fp/hard\libc_nano.a
LOAD C:/ST/STM32CubeIDE_1.19.0/STM32CubeIDE/plugins/com.st.stm32cube.ide.mcu.externaltools.gnu-tools-for-stm32.13.3.rel1.win32_1.0.0.202411081344/tools/bin/../lib/gcc/arm-none-eabi/13.3.1/../../../../arm-none-eabi/lib/thumb/v7e-m+fp/hard\libnosys.a
END GROUP
LOAD C:/ST/STM32CubeIDE_1.19.0/STM32CubeIDE/plugins/com.st.stm32cube.ide.mcu.externaltools.gnu-tools-for-stm32.13.3.rel1.win32_1.0.0.202411081344/tools/bin/../lib/gcc/arm-none-eabi/13.3.1/thumb/v7e-m+fp/hard/crtend.o
LOAD C:/ST/STM32CubeIDE_1.19.0/STM32CubeIDE/plugins/com.st.stm32cube.ide.mcu.externaltools.gnu-tools-for-stm32.13.3.rel1.win32_1.0.0.202411081344/tools/bin/../lib/gcc/arm-none-eabi/13.3.1/thumb/v7e-m+fp/hard/crtn.o
                0x200a0000                        _estack = (ORIGIN (RAM) + LENGTH (RAM))
                0x00000200                        _Min_Heap_Size = 0x200
                0x00000400                        _Min_Stack_Size = 0x400

.isr_vector     0x08000000      0x1bc
                0x08000000                        . = ALIGN (0x4)
 *(.isr_vector)
 .isr_vector    0x08000000      0x1bc ./Core/Startup/startup_stm32l4s5vitx.o
                0x08000000                g_pfnVectors
                0x080001bc                        . = ALIGN (0x4)

.text           0x080001c0     0xb9e0
                0x080001c0                        . = ALIGN (0x4)
 *(.text)
 .text          0x080001c0       0x40 C:/ST/STM32CubeIDE_1.19.0/STM32CubeIDE/plugins/com.st.stm32cube.ide.mcu.externaltools.gnu-tools-for-stm32.13.3.rel1.win32_1.0.0.202411081344/tools/bin/../lib/gcc/arm-none-eabi/13.3.1/thumb/v7e-m+fp/hard/crtbegin.o
 .text          0x08000200       0xa0 C:/ST/STM32CubeIDE_1.19.0/STM32CubeIDE/plugins/com.st.stm32cube.ide.mcu.externaltools.gnu-tools-for-stm32.13.3.rel1.win32_1.0.0.202411081344/tools/bin/../lib/gcc/arm-none-eabi/13.3.1/../../../../arm-none-eabi/lib/thumb/v7e-m+fp/hard\libc_nano.a(libc_a-memchr.o)
                0x08000200                memchr
 .text          0x080002a0       0x10 C:/ST/STM32CubeIDE_1.19.0/STM32CubeIDE/plugins/com.st.stm32cube.ide.mcu.externaltools.gnu-tools-for-stm32.13.3.rel1.win32_1.0.0.202411081344/tools/bin/../lib/gcc/arm-none-eabi/13.3.1/../../../../arm-none-eabi/lib/thumb/v7e-m+fp/hard\libc_nano.a(libc_a-strlen.o)
                0x080002a0                strlen
 .text          0x080002b0      0x378 C:/ST/STM32CubeIDE_1.19.0/STM32CubeIDE/plugins/com.st.stm32cube.ide.mcu.externaltools.gnu-tools-for-stm32.13.3.rel1.win32_1.0.0.202411081344/tools/bin/../lib/gcc/arm-none-eabi/13.3.1/thumb/v7e-m+fp/hard\libgcc.a(_arm_addsubdf3.o)
                0x080002b0                __aeabi_drsub
                0x080002b8                __aeabi_dsub
                0x080002b8                __subdf3
                0x080002bc                __aeabi_dadd
                0x080002bc                __adddf3
                0x08000534                __floatunsidf
                0x08000534                __aeabi_ui2d
                0x08000554                __floatsidf
                0x08000554                __aeabi_i2d
                0x08000578                __aeabi_f2d
                0x08000578                __extendsfdf2
                0x080005bc                __floatundidf
                0x080005bc                __aeabi_ul2d
                0x080005cc                __floatdidf
                0x080005cc                __aeabi_l2d
 .text          0x08000628      0x424 C:/ST/STM32CubeIDE_1.19.0/STM32CubeIDE/plugins/com.st.stm32cube.ide.mcu.externaltools.gnu-tools-for-stm32.13.3.rel1.win32_1.0.0.202411081344/tools/bin/../lib/gcc/arm-none-eabi/13.3.1/thumb/v7e-m+fp/hard\libgcc.a(_arm_muldivdf3.o)
                0x08000628                __aeabi_dmul
                0x08000628                __muldf3
                0x0800087c                __divdf3
                0x0800087c                __aeabi_ddiv
 .text          0x08000a4c      0x110 C:/ST/STM32CubeIDE_1.19.0/STM32CubeIDE/plugins/com.st.stm32cube.ide.mcu.externaltools.gnu-tools-for-stm32.13.3.rel1.win32_1.0.0.202411081344/tools/bin/../lib/gcc/arm-none-eabi/13.3.1/thumb/v7e-m+fp/hard\libgcc.a(_arm_cmpdf2.o)
                0x08000a4c                __gtdf2
                0x08000a4c                __gedf2
                0x08000a54                __ltdf2
                0x08000a54                __ledf2
                0x08000a5c                __nedf2
                0x08000a5c                __eqdf2
                0x08000a5c                __cmpdf2
                0x08000ad8                __aeabi_cdrcmple
                0x08000ae8                __aeabi_cdcmpeq
                0x08000ae8                __aeabi_cdcmple
                0x08000af8                __aeabi_dcmpeq
                0x08000b0c                __aeabi_dcmplt
                0x08000b20                __aeabi_dcmple
                0x08000b34                __aeabi_dcmpge
                0x08000b48                __aeabi_dcmpgt
 .text          0x08000b5c       0x2c C:/ST/STM32CubeIDE_1.19.0/STM32CubeIDE/plugins/com.st.stm32cube.ide.mcu.externaltools.gnu-tools-for-stm32.13.3.rel1.win32_1.0.0.202411081344/tools/bin/../lib/gcc/arm-none-eabi/13.3.1/thumb/v7e-m+fp/hard\libgcc.a(_arm_unorddf2.o)
                0x08000b5c                __unorddf2
                0x08000b5c                __aeabi_dcmpun
 .text          0x08000b88       0x50 C:/ST/STM32CubeIDE_1.19.0/STM32CubeIDE/plugins/com.st.stm32cube.ide.mcu.externaltools.gnu-tools-for-stm32.13.3.rel1.win32_1.0.0.202411081344/tools/bin/../lib/gcc/arm-none-eabi/13.3.1/thumb/v7e-m+fp/hard\libgcc.a(_arm_fixdfsi.o)
                0x08000b88                __aeabi_d2iz
                0x08000b88                __fixdfsi
 .text          0x08000bd8       0x40 C:/ST/STM32CubeIDE_1.19.0/STM32CubeIDE/plugins/com.st.stm32cube.ide.mcu.externaltools.gnu-tools-for-stm32.13.3.rel1.win32_1.0.0.202411081344/tools/bin/../lib/gcc/arm-none-eabi/13.3.1/thumb/v7e-m+fp/hard\libgcc.a(_arm_fixunsdfsi.o)
                0x08000bd8                __aeabi_d2uiz
                0x08000bd8                __fixunsdfsi
 .text          0x08000c18       0xa0 C:/ST/STM32CubeIDE_1.19.0/STM32CubeIDE/plugins/com.st.stm32cube.ide.mcu.externaltools.gnu-tools-for-stm32.13.3.rel1.win32_1.0.0.202411081344/tools/bin/../lib/gcc/arm-none-eabi/13.3.1/thumb/v7e-m+fp/hard\libgcc.a(_arm_truncdfsf2.o)
                0x08000c18                __truncdfsf2
                0x08000c18                __aeabi_d2f
 .text          0x08000cb8       0x30 C:/ST/STM32CubeIDE_1.19.0/STM32CubeIDE/plugins/com.st.stm32cube.ide.mcu.externaltools.gnu-tools-for-stm32.13.3.rel1.win32_1.0.0.202411081344/tools/bin/../lib/gcc/arm-none-eabi/13.3.1/thumb/v7e-m+fp/hard\libgcc.a(_aeabi_uldivmod.o)
                0x08000cb8                __aeabi_uldivmod
 .text          0x08000ce8       0x30 C:/ST/STM32CubeIDE_1.19.0/STM32CubeIDE/plugins/com.st.stm32cube.ide.mcu.externaltools.gnu-tools-for-stm32.13.3.rel1.win32_1.0.0.202411081344/tools/bin/../lib/gcc/arm-none-eabi/13.3.1/thumb/v7e-m+fp/hard\libgcc.a(_fixdfdi.o)
                0x08000ce8                __fixdfdi
                0x08000ce8                __aeabi_d2lz
 .text          0x08000d18       0x3c C:/ST/STM32CubeIDE_1.19.0/STM32CubeIDE/plugins/com.st.stm32cube.ide.mcu.externaltools.gnu-tools-for-stm32.13.3.rel1.win32_1.0.0.202411081344/tools/bin/../lib/gcc/arm-none-eabi/13.3.1/thumb/v7e-m+fp/hard\libgcc.a(_fixunsdfdi.o)
                0x08000d18                __fixunsdfdi
                0x08000d18                __aeabi_d2ulz
 .text          0x08000d54      0x2f8 C:/ST/STM32CubeIDE_1.19.0/STM32CubeIDE/plugins/com.st.stm32cube.ide.mcu.externaltools.gnu-tools-for-stm32.13.3.rel1.win32_1.0.0.202411081344/tools/bin/../lib/gcc/arm-none-eabi/13.3.1/thumb/v7e-m+fp/hard\libgcc.a(_udivmoddi4.o)
                0x08000d54                __udivmoddi4
 .text          0x0800104c        0x4 C:/ST/STM32CubeIDE_1.19.0/STM32CubeIDE/plugins/com.st.stm32cube.ide.mcu.externaltools.gnu-tools-for-stm32.13.3.rel1.win32_1.0.0.202411081344/tools/bin/../lib/gcc/arm-none-eabi/13.3.1/thumb/v7e-m+fp/hard\libgcc.a(_dvmd_tls.o)
                0x0800104c                __aeabi_idiv0
                0x0800104c                __aeabi_ldiv0
 *(.text*)
 .text.Platform_Write
                0x08001050       0x4c ./Core/Src/imu.o
 .text.Platform_Read
                0x0800109c       0x4c ./Core/Src/imu.o
 .text.Platform_Delay
                0x080010e8       0x16 ./Core/Src/imu.o
 *fill*         0x080010fe        0x2 
 .text.IMU_Init
                0x08001100       0x98 ./Core/Src/imu.o
                0x08001100                IMU_Init
 .text.IMU_Read_Accel
                0x08001198       0x8c ./Core/Src/imu.o
                0x08001198                IMU_Read_Accel
 .text.IMU_Read_Gyro
                0x08001224       0x8c ./Core/Src/imu.o
                0x08001224                IMU_Read_Gyro
 .text.lsm6dsl_read_reg
                0x080012b0       0x3c ./Core/Src/lsm6dsl_reg.o
                0x080012b0                lsm6dsl_read_reg
 .text.lsm6dsl_write_reg
                0x080012ec       0x3c ./Core/Src/lsm6dsl_reg.o
                0x080012ec                lsm6dsl_write_reg
 .text.lsm6dsl_from_fs2g_to_mg
                0x08001328       0x30 ./Core/Src/lsm6dsl_reg.o
                0x08001328                lsm6dsl_from_fs2g_to_mg
 .text.lsm6dsl_from_fs250dps_to_mdps
                0x08001358       0x30 ./Core/Src/lsm6dsl_reg.o
                0x08001358                lsm6dsl_from_fs250dps_to_mdps
 .text.lsm6dsl_xl_full_scale_set
                0x08001388       0x4c ./Core/Src/lsm6dsl_reg.o
                0x08001388                lsm6dsl_xl_full_scale_set
 .text.lsm6dsl_xl_data_rate_set
                0x080013d4       0x4c ./Core/Src/lsm6dsl_reg.o
                0x080013d4                lsm6dsl_xl_data_rate_set
 .text.lsm6dsl_gy_full_scale_set
                0x08001420       0x4c ./Core/Src/lsm6dsl_reg.o
                0x08001420                lsm6dsl_gy_full_scale_set
 .text.lsm6dsl_gy_data_rate_set
                0x0800146c       0x4c ./Core/Src/lsm6dsl_reg.o
                0x0800146c                lsm6dsl_gy_data_rate_set
 .text.lsm6dsl_block_data_update_set
                0x080014b8       0x4c ./Core/Src/lsm6dsl_reg.o
                0x080014b8                lsm6dsl_block_data_update_set
 .text.lsm6dsl_angular_rate_raw_get
                0x08001504       0x90 ./Core/Src/lsm6dsl_reg.o
                0x08001504                lsm6dsl_angular_rate_raw_get
 .text.lsm6dsl_acceleration_raw_get
                0x08001594       0x90 ./Core/Src/lsm6dsl_reg.o
                0x08001594                lsm6dsl_acceleration_raw_get
 .text.lsm6dsl_device_id_get
                0x08001624       0x22 ./Core/Src/lsm6dsl_reg.o
                0x08001624                lsm6dsl_device_id_get
 .text.lsm6dsl_reset_set
                0x08001646       0x4c ./Core/Src/lsm6dsl_reg.o
                0x08001646                lsm6dsl_reset_set
 .text.lsm6dsl_auto_increment_set
                0x08001692       0x4c ./Core/Src/lsm6dsl_reg.o
                0x08001692                lsm6dsl_auto_increment_set
 *fill*         0x080016de        0x2 
 .text.main     0x080016e0       0x4c ./Core/Src/main.o
                0x080016e0                main
 .text.SystemClock_Config
                0x0800172c       0xa2 ./Core/Src/main.o
                0x0800172c                SystemClock_Config
 *fill*         0x080017ce        0x2 
 .text.MX_I2C2_Init
                0x080017d0       0x80 ./Core/Src/main.o
 .text.MX_USART1_UART_Init
                0x08001850       0x98 ./Core/Src/main.o
 .text.MX_GPIO_Init
                0x080018e8       0x30 ./Core/Src/main.o
 .text.fill_imu_buffer
                0x08001918       0xe4 ./Core/Src/main.o
                0x08001918                fill_imu_buffer
 .text.Inference
                0x080019fc       0x94 ./Core/Src/main.o
                0x080019fc                Inference
 .text.__io_putchar
                0x08001a90       0x24 ./Core/Src/main.o
                0x08001a90                __io_putchar
 .text.Error_Handler
                0x08001ab4        0xc ./Core/Src/main.o
                0x08001ab4                Error_Handler
 .text.HAL_MspInit
                0x08001ac0       0x48 ./Core/Src/stm32l4xx_hal_msp.o
                0x08001ac0                HAL_MspInit
 .text.HAL_I2C_MspInit
                0x08001b08       0xbc ./Core/Src/stm32l4xx_hal_msp.o
                0x08001b08                HAL_I2C_MspInit
 .text.HAL_UART_MspInit
                0x08001bc4       0xbc ./Core/Src/stm32l4xx_hal_msp.o
                0x08001bc4                HAL_UART_MspInit
 .text.NMI_Handler
                0x08001c80        0x8 ./Core/Src/stm32l4xx_it.o
                0x08001c80                NMI_Handler
 .text.HardFault_Handler
                0x08001c88        0x8 ./Core/Src/stm32l4xx_it.o
                0x08001c88                HardFault_Handler
 .text.MemManage_Handler
                0x08001c90        0x8 ./Core/Src/stm32l4xx_it.o
                0x08001c90                MemManage_Handler
 .text.BusFault_Handler
                0x08001c98        0x8 ./Core/Src/stm32l4xx_it.o
                0x08001c98                BusFault_Handler
 .text.UsageFault_Handler
                0x08001ca0        0x8 ./Core/Src/stm32l4xx_it.o
                0x08001ca0                UsageFault_Handler
 .text.SVC_Handler
                0x08001ca8        0xe ./Core/Src/stm32l4xx_it.o
                0x08001ca8                SVC_Handler
 .text.DebugMon_Handler
                0x08001cb6        0xe ./Core/Src/stm32l4xx_it.o
                0x08001cb6                DebugMon_Handler
 .text.PendSV_Handler
                0x08001cc4        0xe ./Core/Src/stm32l4xx_it.o
                0x08001cc4                PendSV_Handler
 .text.SysTick_Handler
                0x08001cd2        0xc ./Core/Src/stm32l4xx_it.o
                0x08001cd2                SysTick_Handler
 .text._getpid  0x08001cde       0x10 ./Core/Src/syscalls.o
                0x08001cde                _getpid
 .text._kill    0x08001cee       0x20 ./Core/Src/syscalls.o
                0x08001cee                _kill
 .text._exit    0x08001d0e       0x16 ./Core/Src/syscalls.o
                0x08001d0e                _exit
 .text._read    0x08001d24       0x3a ./Core/Src/syscalls.o
                0x08001d24                _read
 .text._write   0x08001d5e       0x38 ./Core/Src/syscalls.o
                0x08001d5e                _write
 .text._close   0x08001d96       0x18 ./Core/Src/syscalls.o
                0x08001d96                _close
 .text._fstat   0x08001dae       0x20 ./Core/Src/syscalls.o
                0x08001dae                _fstat
 .text._isatty  0x08001dce       0x16 ./Core/Src/syscalls.o
                0x08001dce                _isatty
 .text._lseek   0x08001de4       0x1a ./Core/Src/syscalls.o
                0x08001de4                _lseek
 *fill*         0x08001dfe        0x2 
 .text._sbrk    0x08001e00       0x6c ./Core/Src/sysmem.o
                0x08001e00                _sbrk
 .text.SystemInit
                0x08001e6c       0x24 ./Core/Src/system_stm32l4xx.o
                0x08001e6c                SystemInit
 .text.Reset_Handler
                0x08001e90       0x50 ./Core/Startup/startup_stm32l4s5vitx.o
                0x08001e90                Reset_Handler
 .text.Default_Handler
                0x08001ee0        0x2 ./Core/Startup/startup_stm32l4s5vitx.o
                0x08001ee0                RTC_Alarm_IRQHandler
                0x08001ee0                EXTI2_IRQHandler
                0x08001ee0                TIM8_TRG_COM_IRQHandler
                0x08001ee0                TIM8_CC_IRQHandler
                0x08001ee0                TIM1_CC_IRQHandler
                0x08001ee0                TSC_IRQHandler
                0x08001ee0                TAMP_STAMP_IRQHandler
                0x08001ee0                EXTI3_IRQHandler
                0x08001ee0                LPTIM2_IRQHandler
                0x08001ee0                DFSDM1_FLT1_IRQHandler
                0x08001ee0                GFXMMU_IRQHandler
                0x08001ee0                I2C3_ER_IRQHandler
                0x08001ee0                DFSDM1_FLT2_IRQHandler
                0x08001ee0                EXTI0_IRQHandler
                0x08001ee0                I2C2_EV_IRQHandler
                0x08001ee0                CAN1_RX0_IRQHandler
                0x08001ee0                FPU_IRQHandler
                0x08001ee0                TIM1_UP_TIM16_IRQHandler
                0x08001ee0                LTDC_ER_IRQHandler
                0x08001ee0                SPI1_IRQHandler
                0x08001ee0                OCTOSPI1_IRQHandler
                0x08001ee0                TIM6_DAC_IRQHandler
                0x08001ee0                DCMI_IRQHandler
                0x08001ee0                TIM8_UP_IRQHandler
                0x08001ee0                OCTOSPI2_IRQHandler
                0x08001ee0                DMA2_Channel2_IRQHandler
                0x08001ee0                DMA1_Channel4_IRQHandler
                0x08001ee0                SAI2_IRQHandler
                0x08001ee0                ADC1_IRQHandler
                0x08001ee0                DFSDM1_FLT3_IRQHandler
                0x08001ee0                USART3_IRQHandler
                0x08001ee0                DMA1_Channel7_IRQHandler
                0x08001ee0                CAN1_RX1_IRQHandler
                0x08001ee0                UART5_IRQHandler
                0x08001ee0                TIM4_IRQHandler
                0x08001ee0                DMA2_Channel1_IRQHandler
                0x08001ee0                I2C1_EV_IRQHandler
                0x08001ee0                DMAMUX1_OVR_IRQHandler
                0x08001ee0                DMA1_Channel6_IRQHandler
                0x08001ee0                UART4_IRQHandler
                0x08001ee0                DMA2_Channel4_IRQHandler
                0x08001ee0                TIM3_IRQHandler
                0x08001ee0                RCC_IRQHandler
                0x08001ee0                DMA1_Channel1_IRQHandler
                0x08001ee0                Default_Handler
                0x08001ee0                DMA2_Channel7_IRQHandler
                0x08001ee0                EXTI15_10_IRQHandler
                0x08001ee0                TIM7_IRQHandler
                0x08001ee0                SDMMC1_IRQHandler
                0x08001ee0                TIM5_IRQHandler
                0x08001ee0                I2C3_EV_IRQHandler
                0x08001ee0                EXTI9_5_IRQHandler
                0x08001ee0                RTC_WKUP_IRQHandler
                0x08001ee0                LTDC_IRQHandler
                0x08001ee0                PVD_PVM_IRQHandler
                0x08001ee0                SPI2_IRQHandler
                0x08001ee0                CAN1_TX_IRQHandler
                0x08001ee0                DMA2_Channel5_IRQHandler
                0x08001ee0                DMA1_Channel5_IRQHandler
                0x08001ee0                EXTI4_IRQHandler
                0x08001ee0                RNG_IRQHandler
                0x08001ee0                TIM1_TRG_COM_TIM17_IRQHandler
                0x08001ee0                DMA1_Channel3_IRQHandler
                0x08001ee0                COMP_IRQHandler
                0x08001ee0                HASH_CRS_IRQHandler
                0x08001ee0                WWDG_IRQHandler
                0x08001ee0                I2C4_EV_IRQHandler
                0x08001ee0                LPUART1_IRQHandler
                0x08001ee0                DMA2_Channel6_IRQHandler
                0x08001ee0                TIM2_IRQHandler
                0x08001ee0                DMA2D_IRQHandler
                0x08001ee0                EXTI1_IRQHandler
                0x08001ee0                AES_IRQHandler
                0x08001ee0                USART2_IRQHandler
                0x08001ee0                DFSDM1_FLT0_IRQHandler
                0x08001ee0                I2C2_ER_IRQHandler
                0x08001ee0                DMA1_Channel2_IRQHandler
                0x08001ee0                TIM8_BRK_IRQHandler
                0x08001ee0                CAN1_SCE_IRQHandler
                0x08001ee0                FLASH_IRQHandler
                0x08001ee0                USART1_IRQHandler
                0x08001ee0                OTG_FS_IRQHandler
                0x08001ee0                SPI3_IRQHandler
                0x08001ee0                I2C1_ER_IRQHandler
                0x08001ee0                FMC_IRQHandler
                0x08001ee0                LPTIM1_IRQHandler
                0x08001ee0                I2C4_ER_IRQHandler
                0x08001ee0                SAI1_IRQHandler
                0x08001ee0                DMA2_Channel3_IRQHandler
                0x08001ee0                TIM1_BRK_TIM15_IRQHandler
 .text.HAL_Init
                0x08001ee2       0x30 ./Drivers/STM32L4xx_HAL_Driver/Src/stm32l4xx_hal.o
                0x08001ee2                HAL_Init
 *fill*         0x08001f12        0x2 
 .text.HAL_InitTick
                0x08001f14       0x78 ./Drivers/STM32L4xx_HAL_Driver/Src/stm32l4xx_hal.o
                0x08001f14                HAL_InitTick
 .text.HAL_IncTick
                0x08001f8c       0x28 ./Drivers/STM32L4xx_HAL_Driver/Src/stm32l4xx_hal.o
                0x08001f8c                HAL_IncTick
 .text.HAL_GetTick
                0x08001fb4       0x18 ./Drivers/STM32L4xx_HAL_Driver/Src/stm32l4xx_hal.o
                0x08001fb4                HAL_GetTick
 .text.HAL_Delay
                0x08001fcc       0x48 ./Drivers/STM32L4xx_HAL_Driver/Src/stm32l4xx_hal.o
                0x08001fcc                HAL_Delay
 .text.__NVIC_SetPriorityGrouping
                0x08002014       0x48 ./Drivers/STM32L4xx_HAL_Driver/Src/stm32l4xx_hal_cortex.o
 .text.__NVIC_GetPriorityGrouping
                0x0800205c       0x1c ./Drivers/STM32L4xx_HAL_Driver/Src/stm32l4xx_hal_cortex.o
 .text.__NVIC_SetPriority
                0x08002078       0x54 ./Drivers/STM32L4xx_HAL_Driver/Src/stm32l4xx_hal_cortex.o
 .text.NVIC_EncodePriority
                0x080020cc       0x66 ./Drivers/STM32L4xx_HAL_Driver/Src/stm32l4xx_hal_cortex.o
 *fill*         0x08002132        0x2 
 .text.SysTick_Config
                0x08002134       0x44 ./Drivers/STM32L4xx_HAL_Driver/Src/stm32l4xx_hal_cortex.o
 .text.HAL_NVIC_SetPriorityGrouping
                0x08002178       0x16 ./Drivers/STM32L4xx_HAL_Driver/Src/stm32l4xx_hal_cortex.o
                0x08002178                HAL_NVIC_SetPriorityGrouping
 .text.HAL_NVIC_SetPriority
                0x0800218e       0x38 ./Drivers/STM32L4xx_HAL_Driver/Src/stm32l4xx_hal_cortex.o
                0x0800218e                HAL_NVIC_SetPriority
 .text.HAL_SYSTICK_Config
                0x080021c6       0x18 ./Drivers/STM32L4xx_HAL_Driver/Src/stm32l4xx_hal_cortex.o
                0x080021c6                HAL_SYSTICK_Config
 *fill*         0x080021de        0x2 
 .text.HAL_GPIO_Init
                0x080021e0      0x324 ./Drivers/STM32L4xx_HAL_Driver/Src/stm32l4xx_hal_gpio.o
                0x080021e0                HAL_GPIO_Init
 .text.HAL_I2C_Init
                0x08002504      0x136 ./Drivers/STM32L4xx_HAL_Driver/Src/stm32l4xx_hal_i2c.o
                0x08002504                HAL_I2C_Init
 *fill*         0x0800263a        0x2 
 .text.HAL_I2C_Mem_Write
                0x0800263c      0x228 ./Drivers/STM32L4xx_HAL_Driver/Src/stm32l4xx_hal_i2c.o
                0x0800263c                HAL_I2C_Mem_Write
 .text.HAL_I2C_Mem_Read
                0x08002864      0x234 ./Drivers/STM32L4xx_HAL_Driver/Src/stm32l4xx_hal_i2c.o
                0x08002864                HAL_I2C_Mem_Read
 .text.I2C_RequestMemoryWrite
                0x08002a98       0xa8 ./Drivers/STM32L4xx_HAL_Driver/Src/stm32l4xx_hal_i2c.o
 .text.I2C_RequestMemoryRead
                0x08002b40       0xa8 ./Drivers/STM32L4xx_HAL_Driver/Src/stm32l4xx_hal_i2c.o
 .text.I2C_Flush_TXDR
                0x08002be8       0x48 ./Drivers/STM32L4xx_HAL_Driver/Src/stm32l4xx_hal_i2c.o
 .text.I2C_WaitOnFlagUntilTimeout
                0x08002c30       0xb2 ./Drivers/STM32L4xx_HAL_Driver/Src/stm32l4xx_hal_i2c.o
 .text.I2C_WaitOnTXISFlagUntilTimeout
                0x08002ce2       0x8e ./Drivers/STM32L4xx_HAL_Driver/Src/stm32l4xx_hal_i2c.o
 .text.I2C_WaitOnSTOPFlagUntilTimeout
                0x08002d70       0x86 ./Drivers/STM32L4xx_HAL_Driver/Src/stm32l4xx_hal_i2c.o
 *fill*         0x08002df6        0x2 
 .text.I2C_IsErrorOccurred
                0x08002df8      0x1c0 ./Drivers/STM32L4xx_HAL_Driver/Src/stm32l4xx_hal_i2c.o
 .text.I2C_TransferConfig
                0x08002fb8       0x64 ./Drivers/STM32L4xx_HAL_Driver/Src/stm32l4xx_hal_i2c.o
 .text.HAL_I2CEx_ConfigAnalogFilter
                0x0800301c       0x96 ./Drivers/STM32L4xx_HAL_Driver/Src/stm32l4xx_hal_i2c_ex.o
                0x0800301c                HAL_I2CEx_ConfigAnalogFilter
 .text.HAL_I2CEx_ConfigDigitalFilter
                0x080030b2       0x98 ./Drivers/STM32L4xx_HAL_Driver/Src/stm32l4xx_hal_i2c_ex.o
                0x080030b2                HAL_I2CEx_ConfigDigitalFilter
 *fill*         0x0800314a        0x2 
 .text.HAL_PWREx_GetVoltageRange
                0x0800314c       0x40 ./Drivers/STM32L4xx_HAL_Driver/Src/stm32l4xx_hal_pwr_ex.o
                0x0800314c                HAL_PWREx_GetVoltageRange
 .text.HAL_PWREx_ControlVoltageScaling
                0x0800318c      0x148 ./Drivers/STM32L4xx_HAL_Driver/Src/stm32l4xx_hal_pwr_ex.o
                0x0800318c                HAL_PWREx_ControlVoltageScaling
 .text.HAL_RCC_OscConfig
                0x080032d4      0x834 ./Drivers/STM32L4xx_HAL_Driver/Src/stm32l4xx_hal_rcc.o
                0x080032d4                HAL_RCC_OscConfig
 .text.HAL_RCC_ClockConfig
                0x08003b08      0x274 ./Drivers/STM32L4xx_HAL_Driver/Src/stm32l4xx_hal_rcc.o
                0x08003b08                HAL_RCC_ClockConfig
 .text.HAL_RCC_GetSysClockFreq
                0x08003d7c      0x118 ./Drivers/STM32L4xx_HAL_Driver/Src/stm32l4xx_hal_rcc.o
                0x08003d7c                HAL_RCC_GetSysClockFreq
 .text.HAL_RCC_GetHCLKFreq
                0x08003e94       0x18 ./Drivers/STM32L4xx_HAL_Driver/Src/stm32l4xx_hal_rcc.o
                0x08003e94                HAL_RCC_GetHCLKFreq
 .text.HAL_RCC_GetPCLK1Freq
                0x08003eac       0x2c ./Drivers/STM32L4xx_HAL_Driver/Src/stm32l4xx_hal_rcc.o
                0x08003eac                HAL_RCC_GetPCLK1Freq
 .text.HAL_RCC_GetPCLK2Freq
                0x08003ed8       0x2c ./Drivers/STM32L4xx_HAL_Driver/Src/stm32l4xx_hal_rcc.o
                0x08003ed8                HAL_RCC_GetPCLK2Freq
 .text.RCC_SetFlashLatencyFromMSIRange
                0x08003f04       0xb4 ./Drivers/STM32L4xx_HAL_Driver/Src/stm32l4xx_hal_rcc.o
 .text.RCC_GetSysClockFreqFromPLLSource
                0x08003fb8       0xcc ./Drivers/STM32L4xx_HAL_Driver/Src/stm32l4xx_hal_rcc.o
 .text.HAL_RCCEx_PeriphCLKConfig
                0x08004084      0x660 ./Drivers/STM32L4xx_HAL_Driver/Src/stm32l4xx_hal_rcc_ex.o
                0x08004084                HAL_RCCEx_PeriphCLKConfig
 .text.RCCEx_PLLSAI1_Config
                0x080046e4      0x1e8 ./Drivers/STM32L4xx_HAL_Driver/Src/stm32l4xx_hal_rcc_ex.o
 .text.RCCEx_PLLSAI2_Config
                0x080048cc      0x1e8 ./Drivers/STM32L4xx_HAL_Driver/Src/stm32l4xx_hal_rcc_ex.o
 .text.HAL_UART_Init
                0x08004ab4       0xa0 ./Drivers/STM32L4xx_HAL_Driver/Src/stm32l4xx_hal_uart.o
                0x08004ab4                HAL_UART_Init
 .text.HAL_UART_Transmit
                0x08004b54      0x132 ./Drivers/STM32L4xx_HAL_Driver/Src/stm32l4xx_hal_uart.o
                0x08004b54                HAL_UART_Transmit
 *fill*         0x08004c86        0x2 
 .text.UART_SetConfig
                0x08004c88      0x5f8 ./Drivers/STM32L4xx_HAL_Driver/Src/stm32l4xx_hal_uart.o
                0x08004c88                UART_SetConfig
 .text.UART_AdvFeatureConfig
                0x08005280      0x144 ./Drivers/STM32L4xx_HAL_Driver/Src/stm32l4xx_hal_uart.o
                0x08005280                UART_AdvFeatureConfig
 .text.UART_CheckIdleState
                0x080053c4      0x154 ./Drivers/STM32L4xx_HAL_Driver/Src/stm32l4xx_hal_uart.o
                0x080053c4                UART_CheckIdleState
 .text.UART_WaitOnFlagUntilTimeout
                0x08005518       0xda ./Drivers/STM32L4xx_HAL_Driver/Src/stm32l4xx_hal_uart.o
                0x08005518                UART_WaitOnFlagUntilTimeout
 .text.UART_EndRxTransfer
                0x080055f2       0xcc ./Drivers/STM32L4xx_HAL_Driver/Src/stm32l4xx_hal_uart.o
 .text.HAL_UARTEx_DisableFifoMode
                0x080056be       0x72 ./Drivers/STM32L4xx_HAL_Driver/Src/stm32l4xx_hal_uart_ex.o
                0x080056be                HAL_UARTEx_DisableFifoMode
 .text.HAL_UARTEx_SetTxFifoThreshold
                0x08005730       0x7c ./Drivers/STM32L4xx_HAL_Driver/Src/stm32l4xx_hal_uart_ex.o
                0x08005730                HAL_UARTEx_SetTxFifoThreshold
 .text.HAL_UARTEx_SetRxFifoThreshold
                0x080057ac       0x7c ./Drivers/STM32L4xx_HAL_Driver/Src/stm32l4xx_hal_uart_ex.o
                0x080057ac                HAL_UARTEx_SetRxFifoThreshold
 .text.UARTEx_SetNbDataToProcess
                0x08005828       0x9c ./Drivers/STM32L4xx_HAL_Driver/Src/stm32l4xx_hal_uart_ex.o
 .text.neai_classification_init
                0x080058c4       0x30 D:\TinyML_Workspace\TinyML\STM32\Nano_Acquizition\lib\libneai.a(neai_entry.o)
                0x080058c4                neai_classification_init
 .text.neai_classification
                0x080058f4       0x44 D:\TinyML_Workspace\TinyML\STM32\Nano_Acquizition\lib\libneai.a(neai_entry.o)
                0x080058f4                neai_classification
 .text.preprocessing_context_init
                0x08005938        0x4 D:\TinyML_Workspace\TinyML\STM32\Nano_Acquizition\lib\libneai.a(preproc_params.o)
                0x08005938                preprocessing_context_init
 .text.preprocessing_chain_execute
                0x0800593c       0x4c D:\TinyML_Workspace\TinyML\STM32\Nano_Acquizition\lib\libneai.a(preprocessing_chain.o)
                0x0800593c                preprocessing_chain_execute
 .text.apply_stft
                0x08005988       0xbc D:\TinyML_Workspace\TinyML\STM32\Nano_Acquizition\lib\libneai.a(short_time_fft.o)
                0x08005988                apply_stft
 .text.apply_absolute_from_interleaved
                0x08005a44       0x48 D:\TinyML_Workspace\TinyML\STM32\Nano_Acquizition\lib\libneai.a(utils.o)
                0x08005a44                apply_absolute_from_interleaved
 .text.apply_window_function
                0x08005a8c       0x30 D:\TinyML_Workspace\TinyML\STM32\Nano_Acquizition\lib\libneai.a(window_functions.o)
                0x08005a8c                apply_window_function
 .text.signal_rfft_f32
                0x08005abc       0x34 D:\TinyML_Workspace\TinyML\STM32\Nano_Acquizition\lib\libneai.a(cmsis_signal_ops.o)
                0x08005abc                signal_rfft_f32
 .text.signal_cmplx_mag_f32
                0x08005af0        0x4 D:\TinyML_Workspace\TinyML\STM32\Nano_Acquizition\lib\libneai.a(cmsis_signal_ops.o)
                0x08005af0                signal_cmplx_mag_f32
 .text.signal_scale_f32
                0x08005af4        0x4 D:\TinyML_Workspace\TinyML\STM32\Nano_Acquizition\lib\libneai.a(cmsis_signal_ops.o)
                0x08005af4                signal_scale_f32
 .text.signal_mult_f32
                0x08005af8        0x4 D:\TinyML_Workspace\TinyML\STM32\Nano_Acquizition\lib\libneai.a(cmsis_signal_ops.o)
                0x08005af8                signal_mult_f32
 .text.convert_to_frequency_domain_normalized
                0x08005afc       0x44 D:\TinyML_Workspace\TinyML\STM32\Nano_Acquizition\lib\libneai.a(fft_utils.o)
                0x08005afc                convert_to_frequency_domain_normalized
 .text.apply_interleaved
                0x08005b40       0x48 D:\TinyML_Workspace\TinyML\STM32\Nano_Acquizition\lib\libneai.a(interleaved.o)
                0x08005b40                apply_interleaved
 .text.lstm_init
                0x08005b88        0x8 D:\TinyML_Workspace\TinyML\STM32\Nano_Acquizition\lib\libneai.a(lstm.o)
                0x08005b88                lstm_init
 .text.lstm_classification
                0x08005b90      0x1b0 D:\TinyML_Workspace\TinyML\STM32\Nano_Acquizition\lib\libneai.a(lstm.o)
                0x08005b90                lstm_classification
 .text.lm_dot_prod_f32
                0x08005d40        0x4 D:\TinyML_Workspace\TinyML\STM32\Nano_Acquizition\lib\libneai.a(neai_math.o)
                0x08005d40                lm_dot_prod_f32
 .text.softmax  0x08005d44       0x6c D:\TinyML_Workspace\TinyML\STM32\Nano_Acquizition\lib\libneai.a(neai_math.o)
                0x08005d44                softmax
 .text.apply_pooling
                0x08005db0       0x8c D:\TinyML_Workspace\TinyML\STM32\Nano_Acquizition\lib\libneai.a(pooling.o)
                0x08005db0                apply_pooling
 .text.arm_cmplx_mag_f32
                0x08005e3c       0x44 D:\TinyML_Workspace\TinyML\STM32\Nano_Acquizition\lib\libneai.a(arm_cmplx_mag_f32.o)
                0x08005e3c                neai_arm_cmplx_mag_f32
 .text.arm_dot_prod_f32
                0x08005e80       0x24 D:\TinyML_Workspace\TinyML\STM32\Nano_Acquizition\lib\libneai.a(arm_dot_prod_f32.o)
                0x08005e80                neai_arm_dot_prod_f32
 .text.arm_max_f32
                0x08005ea4       0x48 D:\TinyML_Workspace\TinyML\STM32\Nano_Acquizition\lib\libneai.a(arm_max_f32.o)
                0x08005ea4                neai_arm_max_f32
 .text.arm_mult_f32
                0x08005eec       0x18 D:\TinyML_Workspace\TinyML\STM32\Nano_Acquizition\lib\libneai.a(arm_mult_f32.o)
                0x08005eec                neai_arm_mult_f32
 .text.arm_rfft_fast_f32
                0x08005f04      0x18c D:\TinyML_Workspace\TinyML\STM32\Nano_Acquizition\lib\libneai.a(arm_rfft_fast_f32.o)
                0x08005f04                neai_arm_rfft_fast_f32
 .text.arm_rfft_fast_init_f32
                0x08006090       0x38 D:\TinyML_Workspace\TinyML\STM32\Nano_Acquizition\lib\libneai.a(arm_rfft_fast_init_256_f32.o)
                0x08006090                neai_arm_rfft_fast_init_f32
 .text.arm_scale_f32
                0x080060c8       0x14 D:\TinyML_Workspace\TinyML\STM32\Nano_Acquizition\lib\libneai.a(arm_scale_f32.o)
                0x080060c8                neai_arm_scale_f32
 .text.arm_cfft_f32
                0x080060dc      0x744 D:\TinyML_Workspace\TinyML\STM32\Nano_Acquizition\lib\libneai.a(arm_cfft_f32.o)
                0x080060dc                neai_arm_cfft_f32
 .text.arm_radix8_butterfly_f32
                0x08006820      0x554 D:\TinyML_Workspace\TinyML\STM32\Nano_Acquizition\lib\libneai.a(arm_cfft_radix8_f32.o)
                0x08006820                neai_arm_radix8_butterfly_f32
 .text.arm_bitreversal_32
                0x08006d74       0x54 D:\TinyML_Workspace\TinyML\STM32\Nano_Acquizition\lib\libneai.a(arm_bitreversal2.o)
                0x08006d74                neai_arm_bitreversal_32
 .text.__cvt    0x08006dc8       0xca C:/ST/STM32CubeIDE_1.19.0/STM32CubeIDE/plugins/com.st.stm32cube.ide.mcu.externaltools.gnu-tools-for-stm32.13.3.rel1.win32_1.0.0.202411081344/tools/bin/../lib/gcc/arm-none-eabi/13.3.1/../../../../arm-none-eabi/lib/thumb/v7e-m+fp/hard\libc_nano.a(libc_a-nano-vfprintf_float.o)
                0x08006dc8                __cvt
 .text.__exponent
                0x08006e92       0x74 C:/ST/STM32CubeIDE_1.19.0/STM32CubeIDE/plugins/com.st.stm32cube.ide.mcu.externaltools.gnu-tools-for-stm32.13.3.rel1.win32_1.0.0.202411081344/tools/bin/../lib/gcc/arm-none-eabi/13.3.1/../../../../arm-none-eabi/lib/thumb/v7e-m+fp/hard\libc_nano.a(libc_a-nano-vfprintf_float.o)
                0x08006e92                __exponent
 *fill*         0x08006f06        0x2 
 .text._printf_float
                0x08006f08      0x454 C:/ST/STM32CubeIDE_1.19.0/STM32CubeIDE/plugins/com.st.stm32cube.ide.mcu.externaltools.gnu-tools-for-stm32.13.3.rel1.win32_1.0.0.202411081344/tools/bin/../lib/gcc/arm-none-eabi/13.3.1/../../../../arm-none-eabi/lib/thumb/v7e-m+fp/hard\libc_nano.a(libc_a-nano-vfprintf_float.o)
                0x08006f08                _printf_float
 .text._printf_common
                0x0800735c       0xda C:/ST/STM32CubeIDE_1.19.0/STM32CubeIDE/plugins/com.st.stm32cube.ide.mcu.externaltools.gnu-tools-for-stm32.13.3.rel1.win32_1.0.0.202411081344/tools/bin/../lib/gcc/arm-none-eabi/13.3.1/../../../../arm-none-eabi/lib/thumb/v7e-m+fp/hard\libc_nano.a(libc_a-nano-vfprintf_i.o)
                0x0800735c                _printf_common
 *fill*         0x08007436        0x2 
 .text._printf_i
                0x08007438      0x23c C:/ST/STM32CubeIDE_1.19.0/STM32CubeIDE/plugins/com.st.stm32cube.ide.mcu.externaltools.gnu-tools-for-stm32.13.3.rel1.win32_1.0.0.202411081344/tools/bin/../lib/gcc/arm-none-eabi/13.3.1/../../../../arm-none-eabi/lib/thumb/v7e-m+fp/hard\libc_nano.a(libc_a-nano-vfprintf_i.o)
                0x08007438                _printf_i
 .text._scanf_float
                0x08007674      0x41c C:/ST/STM32CubeIDE_1.19.0/STM32CubeIDE/plugins/com.st.stm32cube.ide.mcu.externaltools.gnu-tools-for-stm32.13.3.rel1.win32_1.0.0.202411081344/tools/bin/../lib/gcc/arm-none-eabi/13.3.1/../../../../arm-none-eabi/lib/thumb/v7e-m+fp/hard\libc_nano.a(libc_a-nano-vfscanf_float.o)
                0x08007674                _scanf_float
 .text.std      0x08007a90       0x6c C:/ST/STM32CubeIDE_1.19.0/STM32CubeIDE/plugins/com.st.stm32cube.ide.mcu.externaltools.gnu-tools-for-stm32.13.3.rel1.win32_1.0.0.202411081344/tools/bin/../lib/gcc/arm-none-eabi/13.3.1/../../../../arm-none-eabi/lib/thumb/v7e-m+fp/hard\libc_nano.a(libc_a-findfp.o)
 .text.stdio_exit_handler
                0x08007afc       0x18 C:/ST/STM32CubeIDE_1.19.0/STM32CubeIDE/plugins/com.st.stm32cube.ide.mcu.externaltools.gnu-tools-for-stm32.13.3.rel1.win32_1.0.0.202411081344/tools/bin/../lib/gcc/arm-none-eabi/13.3.1/../../../../arm-none-eabi/lib/thumb/v7e-m+fp/hard\libc_nano.a(libc_a-findfp.o)
 .text.cleanup_stdio
                0x08007b14       0x40 C:/ST/STM32CubeIDE_1.19.0/STM32CubeIDE/plugins/com.st.stm32cube.ide.mcu.externaltools.gnu-tools-for-stm32.13.3.rel1.win32_1.0.0.202411081344/tools/bin/../lib/gcc/arm-none-eabi/13.3.1/../../../../arm-none-eabi/lib/thumb/v7e-m+fp/hard\libc_nano.a(libc_a-findfp.o)
 .text.global_stdio_init.part.0
                0x08007b54       0x3c C:/ST/STM32CubeIDE_1.19.0/STM32CubeIDE/plugins/com.st.stm32cube.ide.mcu.externaltools.gnu-tools-for-stm32.13.3.rel1.win32_1.0.0.202411081344/tools/bin/../lib/gcc/arm-none-eabi/13.3.1/../../../../arm-none-eabi/lib/thumb/v7e-m+fp/hard\libc_nano.a(libc_a-findfp.o)
 .text.__sfp_lock_acquire
                0x08007b90        0xc C:/ST/STM32CubeIDE_1.19.0/STM32CubeIDE/plugins/com.st.stm32cube.ide.mcu.externaltools.gnu-tools-for-stm32.13.3.rel1.win32_1.0.0.202411081344/tools/bin/../lib/gcc/arm-none-eabi/13.3.1/../../../../arm-none-eabi/lib/thumb/v7e-m+fp/hard\libc_nano.a(libc_a-findfp.o)
                0x08007b90                __sfp_lock_acquire
 .text.__sfp_lock_release
                0x08007b9c        0xc C:/ST/STM32CubeIDE_1.19.0/STM32CubeIDE/plugins/com.st.stm32cube.ide.mcu.externaltools.gnu-tools-for-stm32.13.3.rel1.win32_1.0.0.202411081344/tools/bin/../lib/gcc/arm-none-eabi/13.3.1/../../../../arm-none-eabi/lib/thumb/v7e-m+fp/hard\libc_nano.a(libc_a-findfp.o)
                0x08007b9c                __sfp_lock_release
 .text.__sinit  0x08007ba8       0x30 C:/ST/STM32CubeIDE_1.19.0/STM32CubeIDE/plugins/com.st.stm32cube.ide.mcu.externaltools.gnu-tools-for-stm32.13.3.rel1.win32_1.0.0.202411081344/tools/bin/../lib/gcc/arm-none-eabi/13.3.1/../../../../arm-none-eabi/lib/thumb/v7e-m+fp/hard\libc_nano.a(libc_a-findfp.o)
                0x08007ba8                __sinit
 .text._fwalk_sglue
                0x08007bd8       0x3c C:/ST/STM32CubeIDE_1.19.0/STM32CubeIDE/plugins/com.st.stm32cube.ide.mcu.externaltools.gnu-tools-for-stm32.13.3.rel1.win32_1.0.0.202411081344/tools/bin/../lib/gcc/arm-none-eabi/13.3.1/../../../../arm-none-eabi/lib/thumb/v7e-m+fp/hard\libc_nano.a(libc_a-fwalk.o)
                0x08007bd8                _fwalk_sglue
 .text.printf   0x08007c14       0x24 C:/ST/STM32CubeIDE_1.19.0/STM32CubeIDE/plugins/com.st.stm32cube.ide.mcu.externaltools.gnu-tools-for-stm32.13.3.rel1.win32_1.0.0.202411081344/tools/bin/../lib/gcc/arm-none-eabi/13.3.1/../../../../arm-none-eabi/lib/thumb/v7e-m+fp/hard\libc_nano.a(libc_a-printf.o)
                0x08007c14                iprintf
                0x08007c14                printf
 .text.putchar  0x08007c38       0x10 C:/ST/STM32CubeIDE_1.19.0/STM32CubeIDE/plugins/com.st.stm32cube.ide.mcu.externaltools.gnu-tools-for-stm32.13.3.rel1.win32_1.0.0.202411081344/tools/bin/../lib/gcc/arm-none-eabi/13.3.1/../../../../arm-none-eabi/lib/thumb/v7e-m+fp/hard\libc_nano.a(libc_a-putchar.o)
                0x08007c38                putchar
 .text._puts_r  0x08007c48       0xaa C:/ST/STM32CubeIDE_1.19.0/STM32CubeIDE/plugins/com.st.stm32cube.ide.mcu.externaltools.gnu-tools-for-stm32.13.3.rel1.win32_1.0.0.202411081344/tools/bin/../lib/gcc/arm-none-eabi/13.3.1/../../../../arm-none-eabi/lib/thumb/v7e-m+fp/hard\libc_nano.a(libc_a-puts.o)
                0x08007c48                _puts_r
 *fill*         0x08007cf2        0x2 
 .text.puts     0x08007cf4       0x10 C:/ST/STM32CubeIDE_1.19.0/STM32CubeIDE/plugins/com.st.stm32cube.ide.mcu.externaltools.gnu-tools-for-stm32.13.3.rel1.win32_1.0.0.202411081344/tools/bin/../lib/gcc/arm-none-eabi/13.3.1/../../../../arm-none-eabi/lib/thumb/v7e-m+fp/hard\libc_nano.a(libc_a-puts.o)
                0x08007cf4                puts
 .text.sprintf  0x08007d04       0x44 C:/ST/STM32CubeIDE_1.19.0/STM32CubeIDE/plugins/com.st.stm32cube.ide.mcu.externaltools.gnu-tools-for-stm32.13.3.rel1.win32_1.0.0.202411081344/tools/bin/../lib/gcc/arm-none-eabi/13.3.1/../../../../arm-none-eabi/lib/thumb/v7e-m+fp/hard\libc_nano.a(libc_a-sprintf.o)
                0x08007d04                siprintf
                0x08007d04                sprintf
 .text.__sread  0x08007d48       0x22 C:/ST/STM32CubeIDE_1.19.0/STM32CubeIDE/plugins/com.st.stm32cube.ide.mcu.externaltools.gnu-tools-for-stm32.13.3.rel1.win32_1.0.0.202411081344/tools/bin/../lib/gcc/arm-none-eabi/13.3.1/../../../../arm-none-eabi/lib/thumb/v7e-m+fp/hard\libc_nano.a(libc_a-stdio.o)
                0x08007d48                __sread
 .text.__swrite
                0x08007d6a       0x38 C:/ST/STM32CubeIDE_1.19.0/STM32CubeIDE/plugins/com.st.stm32cube.ide.mcu.externaltools.gnu-tools-for-stm32.13.3.rel1.win32_1.0.0.202411081344/tools/bin/../lib/gcc/arm-none-eabi/13.3.1/../../../../arm-none-eabi/lib/thumb/v7e-m+fp/hard\libc_nano.a(libc_a-stdio.o)
                0x08007d6a                __swrite
 .text.__sseek  0x08007da2       0x24 C:/ST/STM32CubeIDE_1.19.0/STM32CubeIDE/plugins/com.st.stm32cube.ide.mcu.externaltools.gnu-tools-for-stm32.13.3.rel1.win32_1.0.0.202411081344/tools/bin/../lib/gcc/arm-none-eabi/13.3.1/../../../../arm-none-eabi/lib/thumb/v7e-m+fp/hard\libc_nano.a(libc_a-stdio.o)
                0x08007da2                __sseek
 .text.__sclose
                0x08007dc6        0x8 C:/ST/STM32CubeIDE_1.19.0/STM32CubeIDE/plugins/com.st.stm32cube.ide.mcu.externaltools.gnu-tools-for-stm32.13.3.rel1.win32_1.0.0.202411081344/tools/bin/../lib/gcc/arm-none-eabi/13.3.1/../../../../arm-none-eabi/lib/thumb/v7e-m+fp/hard\libc_nano.a(libc_a-stdio.o)
                0x08007dc6                __sclose
 .text.__swbuf_r
                0x08007dce       0x7c C:/ST/STM32CubeIDE_1.19.0/STM32CubeIDE/plugins/com.st.stm32cube.ide.mcu.externaltools.gnu-tools-for-stm32.13.3.rel1.win32_1.0.0.202411081344/tools/bin/../lib/gcc/arm-none-eabi/13.3.1/../../../../arm-none-eabi/lib/thumb/v7e-m+fp/hard\libc_nano.a(libc_a-wbuf.o)
                0x08007dce                __swbuf_r
 *fill*         0x08007e4a        0x2 
 .text.__swsetup_r
                0x08007e4c       0xac C:/ST/STM32CubeIDE_1.19.0/STM32CubeIDE/plugins/com.st.stm32cube.ide.mcu.externaltools.gnu-tools-for-stm32.13.3.rel1.win32_1.0.0.202411081344/tools/bin/../lib/gcc/arm-none-eabi/13.3.1/../../../../arm-none-eabi/lib/thumb/v7e-m+fp/hard\libc_nano.a(libc_a-wsetup.o)
                0x08007e4c                __swsetup_r
 .text.memset   0x08007ef8       0x10 C:/ST/STM32CubeIDE_1.19.0/STM32CubeIDE/plugins/com.st.stm32cube.ide.mcu.externaltools.gnu-tools-for-stm32.13.3.rel1.win32_1.0.0.202411081344/tools/bin/../lib/gcc/arm-none-eabi/13.3.1/../../../../arm-none-eabi/lib/thumb/v7e-m+fp/hard\libc_nano.a(libc_a-memset.o)
                0x08007ef8                memset
 .text._localeconv_r
                0x08007f08        0x8 C:/ST/STM32CubeIDE_1.19.0/STM32CubeIDE/plugins/com.st.stm32cube.ide.mcu.externaltools.gnu-tools-for-stm32.13.3.rel1.win32_1.0.0.202411081344/tools/bin/../lib/gcc/arm-none-eabi/13.3.1/../../../../arm-none-eabi/lib/thumb/v7e-m+fp/hard\libc_nano.a(libc_a-localeconv.o)
                0x08007f08                _localeconv_r
 .text._close_r
                0x08007f10       0x20 C:/ST/STM32CubeIDE_1.19.0/STM32CubeIDE/plugins/com.st.stm32cube.ide.mcu.externaltools.gnu-tools-for-stm32.13.3.rel1.win32_1.0.0.202411081344/tools/bin/../lib/gcc/arm-none-eabi/13.3.1/../../../../arm-none-eabi/lib/thumb/v7e-m+fp/hard\libc_nano.a(libc_a-closer.o)
                0x08007f10                _close_r
 .text._lseek_r
                0x08007f30       0x24 C:/ST/STM32CubeIDE_1.19.0/STM32CubeIDE/plugins/com.st.stm32cube.ide.mcu.externaltools.gnu-tools-for-stm32.13.3.rel1.win32_1.0.0.202411081344/tools/bin/../lib/gcc/arm-none-eabi/13.3.1/../../../../arm-none-eabi/lib/thumb/v7e-m+fp/hard\libc_nano.a(libc_a-lseekr.o)
                0x08007f30                _lseek_r
 .text._read_r  0x08007f54       0x24 C:/ST/STM32CubeIDE_1.19.0/STM32CubeIDE/plugins/com.st.stm32cube.ide.mcu.externaltools.gnu-tools-for-stm32.13.3.rel1.win32_1.0.0.202411081344/tools/bin/../lib/gcc/arm-none-eabi/13.3.1/../../../../arm-none-eabi/lib/thumb/v7e-m+fp/hard\libc_nano.a(libc_a-readr.o)
                0x08007f54                _read_r
 .text._write_r
                0x08007f78       0x24 C:/ST/STM32CubeIDE_1.19.0/STM32CubeIDE/plugins/com.st.stm32cube.ide.mcu.externaltools.gnu-tools-for-stm32.13.3.rel1.win32_1.0.0.202411081344/tools/bin/../lib/gcc/arm-none-eabi/13.3.1/../../../../arm-none-eabi/lib/thumb/v7e-m+fp/hard\libc_nano.a(libc_a-writer.o)
                0x08007f78                _write_r
 .text.__errno  0x08007f9c        0xc C:/ST/STM32CubeIDE_1.19.0/STM32CubeIDE/plugins/com.st.stm32cube.ide.mcu.externaltools.gnu-tools-for-stm32.13.3.rel1.win32_1.0.0.202411081344/tools/bin/../lib/gcc/arm-none-eabi/13.3.1/../../../../arm-none-eabi/lib/thumb/v7e-m+fp/hard\libc_nano.a(libc_a-errno.o)
                0x08007f9c                __errno
 .text.__libc_init_array
                0x08007fa8       0x48 C:/ST/STM32CubeIDE_1.19.0/STM32CubeIDE/plugins/com.st.stm32cube.ide.mcu.externaltools.gnu-tools-for-stm32.13.3.rel1.win32_1.0.0.202411081344/tools/bin/../lib/gcc/arm-none-eabi/13.3.1/../../../../arm-none-eabi/lib/thumb/v7e-m+fp/hard\libc_nano.a(libc_a-init.o)
                0x08007fa8                __libc_init_array
 .text.__retarget_lock_init_recursive
                0x08007ff0        0x2 C:/ST/STM32CubeIDE_1.19.0/STM32CubeIDE/plugins/com.st.stm32cube.ide.mcu.externaltools.gnu-tools-for-stm32.13.3.rel1.win32_1.0.0.202411081344/tools/bin/../lib/gcc/arm-none-eabi/13.3.1/../../../../arm-none-eabi/lib/thumb/v7e-m+fp/hard\libc_nano.a(libc_a-lock.o)
                0x08007ff0                __retarget_lock_init_recursive
 .text.__retarget_lock_acquire_recursive
                0x08007ff2        0x2 C:/ST/STM32CubeIDE_1.19.0/STM32CubeIDE/plugins/com.st.stm32cube.ide.mcu.externaltools.gnu-tools-for-stm32.13.3.rel1.win32_1.0.0.202411081344/tools/bin/../lib/gcc/arm-none-eabi/13.3.1/../../../../arm-none-eabi/lib/thumb/v7e-m+fp/hard\libc_nano.a(libc_a-lock.o)
                0x08007ff2                __retarget_lock_acquire_recursive
 .text.__retarget_lock_release_recursive
                0x08007ff4        0x2 C:/ST/STM32CubeIDE_1.19.0/STM32CubeIDE/plugins/com.st.stm32cube.ide.mcu.externaltools.gnu-tools-for-stm32.13.3.rel1.win32_1.0.0.202411081344/tools/bin/../lib/gcc/arm-none-eabi/13.3.1/../../../../arm-none-eabi/lib/thumb/v7e-m+fp/hard\libc_nano.a(libc_a-lock.o)
                0x08007ff4                __retarget_lock_release_recursive
 .text.memcpy   0x08007ff6       0x1c C:/ST/STM32CubeIDE_1.19.0/STM32CubeIDE/plugins/com.st.stm32cube.ide.mcu.externaltools.gnu-tools-for-stm32.13.3.rel1.win32_1.0.0.202411081344/tools/bin/../lib/gcc/arm-none-eabi/13.3.1/../../../../arm-none-eabi/lib/thumb/v7e-m+fp/hard\libc_nano.a(libc_a-memcpy-stub.o)
                0x08007ff6                memcpy
 *fill*         0x08008012        0x2 
 .text.nanf     0x08008014        0xc C:/ST/STM32CubeIDE_1.19.0/STM32CubeIDE/plugins/com.st.stm32cube.ide.mcu.externaltools.gnu-tools-for-stm32.13.3.rel1.win32_1.0.0.202411081344/tools/bin/../lib/gcc/arm-none-eabi/13.3.1/../../../../arm-none-eabi/lib/thumb/v7e-m+fp/hard\libc_nano.a(libm_a-sf_nan.o)
                0x08008014                nanf
 .text.quorem   0x08008020      0x110 C:/ST/STM32CubeIDE_1.19.0/STM32CubeIDE/plugins/com.st.stm32cube.ide.mcu.externaltools.gnu-tools-for-stm32.13.3.rel1.win32_1.0.0.202411081344/tools/bin/../lib/gcc/arm-none-eabi/13.3.1/../../../../arm-none-eabi/lib/thumb/v7e-m+fp/hard\libc_nano.a(libc_a-dtoa.o)
 .text._dtoa_r  0x08008130      0xba0 C:/ST/STM32CubeIDE_1.19.0/STM32CubeIDE/plugins/com.st.stm32cube.ide.mcu.externaltools.gnu-tools-for-stm32.13.3.rel1.win32_1.0.0.202411081344/tools/bin/../lib/gcc/arm-none-eabi/13.3.1/../../../../arm-none-eabi/lib/thumb/v7e-m+fp/hard\libc_nano.a(libc_a-dtoa.o)
                0x08008130                _dtoa_r
 .text._free_r  0x08008cd0       0x94 C:/ST/STM32CubeIDE_1.19.0/STM32CubeIDE/plugins/com.st.stm32cube.ide.mcu.externaltools.gnu-tools-for-stm32.13.3.rel1.win32_1.0.0.202411081344/tools/bin/../lib/gcc/arm-none-eabi/13.3.1/../../../../arm-none-eabi/lib/thumb/v7e-m+fp/hard\libc_nano.a(libc_a-freer.o)
                0x08008cd0                _free_r
 .text.malloc   0x08008d64       0x10 C:/ST/STM32CubeIDE_1.19.0/STM32CubeIDE/plugins/com.st.stm32cube.ide.mcu.externaltools.gnu-tools-for-stm32.13.3.rel1.win32_1.0.0.202411081344/tools/bin/../lib/gcc/arm-none-eabi/13.3.1/../../../../arm-none-eabi/lib/thumb/v7e-m+fp/hard\libc_nano.a(libc_a-malloc.o)
                0x08008d64                malloc
 .text.sbrk_aligned
                0x08008d74       0x44 C:/ST/STM32CubeIDE_1.19.0/STM32CubeIDE/plugins/com.st.stm32cube.ide.mcu.externaltools.gnu-tools-for-stm32.13.3.rel1.win32_1.0.0.202411081344/tools/bin/../lib/gcc/arm-none-eabi/13.3.1/../../../../arm-none-eabi/lib/thumb/v7e-m+fp/hard\libc_nano.a(libc_a-mallocr.o)
 .text._malloc_r
                0x08008db8      0x100 C:/ST/STM32CubeIDE_1.19.0/STM32CubeIDE/plugins/com.st.stm32cube.ide.mcu.externaltools.gnu-tools-for-stm32.13.3.rel1.win32_1.0.0.202411081344/tools/bin/../lib/gcc/arm-none-eabi/13.3.1/../../../../arm-none-eabi/lib/thumb/v7e-m+fp/hard\libc_nano.a(libc_a-mallocr.o)
                0x08008db8                _malloc_r
 .text.__malloc_lock
                0x08008eb8        0xc C:/ST/STM32CubeIDE_1.19.0/STM32CubeIDE/plugins/com.st.stm32cube.ide.mcu.externaltools.gnu-tools-for-stm32.13.3.rel1.win32_1.0.0.202411081344/tools/bin/../lib/gcc/arm-none-eabi/13.3.1/../../../../arm-none-eabi/lib/thumb/v7e-m+fp/hard\libc_nano.a(libc_a-mlock.o)
                0x08008eb8                __malloc_lock
 .text.__malloc_unlock
                0x08008ec4        0xc C:/ST/STM32CubeIDE_1.19.0/STM32CubeIDE/plugins/com.st.stm32cube.ide.mcu.externaltools.gnu-tools-for-stm32.13.3.rel1.win32_1.0.0.202411081344/tools/bin/../lib/gcc/arm-none-eabi/13.3.1/../../../../arm-none-eabi/lib/thumb/v7e-m+fp/hard\libc_nano.a(libc_a-mlock.o)
                0x08008ec4                __malloc_unlock
 .text._Balloc  0x08008ed0       0x80 C:/ST/STM32CubeIDE_1.19.0/STM32CubeIDE/plugins/com.st.stm32cube.ide.mcu.externaltools.gnu-tools-for-stm32.13.3.rel1.win32_1.0.0.202411081344/tools/bin/../lib/gcc/arm-none-eabi/13.3.1/../../../../arm-none-eabi/lib/thumb/v7e-m+fp/hard\libc_nano.a(libc_a-mprec.o)
                0x08008ed0                _Balloc
 .text._Bfree   0x08008f50       0x44 C:/ST/STM32CubeIDE_1.19.0/STM32CubeIDE/plugins/com.st.stm32cube.ide.mcu.externaltools.gnu-tools-for-stm32.13.3.rel1.win32_1.0.0.202411081344/tools/bin/../lib/gcc/arm-none-eabi/13.3.1/../../../../arm-none-eabi/lib/thumb/v7e-m+fp/hard\libc_nano.a(libc_a-mprec.o)
                0x08008f50                _Bfree
 .text.__multadd
                0x08008f94       0x8c C:/ST/STM32CubeIDE_1.19.0/STM32CubeIDE/plugins/com.st.stm32cube.ide.mcu.externaltools.gnu-tools-for-stm32.13.3.rel1.win32_1.0.0.202411081344/tools/bin/../lib/gcc/arm-none-eabi/13.3.1/../../../../arm-none-eabi/lib/thumb/v7e-m+fp/hard\libc_nano.a(libc_a-mprec.o)
                0x08008f94                __multadd
 .text.__s2b    0x08009020       0x94 C:/ST/STM32CubeIDE_1.19.0/STM32CubeIDE/plugins/com.st.stm32cube.ide.mcu.externaltools.gnu-tools-for-stm32.13.3.rel1.win32_1.0.0.202411081344/tools/bin/../lib/gcc/arm-none-eabi/13.3.1/../../../../arm-none-eabi/lib/thumb/v7e-m+fp/hard\libc_nano.a(libc_a-mprec.o)
                0x08009020                __s2b
 .text.__hi0bits
                0x080090b4       0x3e C:/ST/STM32CubeIDE_1.19.0/STM32CubeIDE/plugins/com.st.stm32cube.ide.mcu.externaltools.gnu-tools-for-stm32.13.3.rel1.win32_1.0.0.202411081344/tools/bin/../lib/gcc/arm-none-eabi/13.3.1/../../../../arm-none-eabi/lib/thumb/v7e-m+fp/hard\libc_nano.a(libc_a-mprec.o)
                0x080090b4                __hi0bits
 .text.__lo0bits
                0x080090f2       0x5a C:/ST/STM32CubeIDE_1.19.0/STM32CubeIDE/plugins/com.st.stm32cube.ide.mcu.externaltools.gnu-tools-for-stm32.13.3.rel1.win32_1.0.0.202411081344/tools/bin/../lib/gcc/arm-none-eabi/13.3.1/../../../../arm-none-eabi/lib/thumb/v7e-m+fp/hard\libc_nano.a(libc_a-mprec.o)
                0x080090f2                __lo0bits
 .text.__i2b    0x0800914c       0x2c C:/ST/STM32CubeIDE_1.19.0/STM32CubeIDE/plugins/com.st.stm32cube.ide.mcu.externaltools.gnu-tools-for-stm32.13.3.rel1.win32_1.0.0.202411081344/tools/bin/../lib/gcc/arm-none-eabi/13.3.1/../../../../arm-none-eabi/lib/thumb/v7e-m+fp/hard\libc_nano.a(libc_a-mprec.o)
                0x0800914c                __i2b
 .text.__multiply
                0x08009178      0x144 C:/ST/STM32CubeIDE_1.19.0/STM32CubeIDE/plugins/com.st.stm32cube.ide.mcu.externaltools.gnu-tools-for-stm32.13.3.rel1.win32_1.0.0.202411081344/tools/bin/../lib/gcc/arm-none-eabi/13.3.1/../../../../arm-none-eabi/lib/thumb/v7e-m+fp/hard\libc_nano.a(libc_a-mprec.o)
                0x08009178                __multiply
 .text.__pow5mult
                0x080092bc       0xb4 C:/ST/STM32CubeIDE_1.19.0/STM32CubeIDE/plugins/com.st.stm32cube.ide.mcu.externaltools.gnu-tools-for-stm32.13.3.rel1.win32_1.0.0.202411081344/tools/bin/../lib/gcc/arm-none-eabi/13.3.1/../../../../arm-none-eabi/lib/thumb/v7e-m+fp/hard\libc_nano.a(libc_a-mprec.o)
                0x080092bc                __pow5mult
 .text.__lshift
                0x08009370       0xd8 C:/ST/STM32CubeIDE_1.19.0/STM32CubeIDE/plugins/com.st.stm32cube.ide.mcu.externaltools.gnu-tools-for-stm32.13.3.rel1.win32_1.0.0.202411081344/tools/bin/../lib/gcc/arm-none-eabi/13.3.1/../../../../arm-none-eabi/lib/thumb/v7e-m+fp/hard\libc_nano.a(libc_a-mprec.o)
                0x08009370                __lshift
 .text.__mcmp   0x08009448       0x36 C:/ST/STM32CubeIDE_1.19.0/STM32CubeIDE/plugins/com.st.stm32cube.ide.mcu.externaltools.gnu-tools-for-stm32.13.3.rel1.win32_1.0.0.202411081344/tools/bin/../lib/gcc/arm-none-eabi/13.3.1/../../../../arm-none-eabi/lib/thumb/v7e-m+fp/hard\libc_nano.a(libc_a-mprec.o)
                0x08009448                __mcmp
 *fill*         0x0800947e        0x2 
 .text.__mdiff  0x08009480      0x128 C:/ST/STM32CubeIDE_1.19.0/STM32CubeIDE/plugins/com.st.stm32cube.ide.mcu.externaltools.gnu-tools-for-stm32.13.3.rel1.win32_1.0.0.202411081344/tools/bin/../lib/gcc/arm-none-eabi/13.3.1/../../../../arm-none-eabi/lib/thumb/v7e-m+fp/hard\libc_nano.a(libc_a-mprec.o)
                0x08009480                __mdiff
 .text.__ulp    0x080095a8       0x4c C:/ST/STM32CubeIDE_1.19.0/STM32CubeIDE/plugins/com.st.stm32cube.ide.mcu.externaltools.gnu-tools-for-stm32.13.3.rel1.win32_1.0.0.202411081344/tools/bin/../lib/gcc/arm-none-eabi/13.3.1/../../../../arm-none-eabi/lib/thumb/v7e-m+fp/hard\libc_nano.a(libc_a-mprec.o)
                0x080095a8                __ulp
 .text.__b2d    0x080095f4       0x94 C:/ST/STM32CubeIDE_1.19.0/STM32CubeIDE/plugins/com.st.stm32cube.ide.mcu.externaltools.gnu-tools-for-stm32.13.3.rel1.win32_1.0.0.202411081344/tools/bin/../lib/gcc/arm-none-eabi/13.3.1/../../../../arm-none-eabi/lib/thumb/v7e-m+fp/hard\libc_nano.a(libc_a-mprec.o)
                0x080095f4                __b2d
 .text.__d2b    0x08009688       0xb0 C:/ST/STM32CubeIDE_1.19.0/STM32CubeIDE/plugins/com.st.stm32cube.ide.mcu.externaltools.gnu-tools-for-stm32.13.3.rel1.win32_1.0.0.202411081344/tools/bin/../lib/gcc/arm-none-eabi/13.3.1/../../../../arm-none-eabi/lib/thumb/v7e-m+fp/hard\libc_nano.a(libc_a-mprec.o)
                0x08009688                __d2b
 .text.__ratio  0x08009738       0x64 C:/ST/STM32CubeIDE_1.19.0/STM32CubeIDE/plugins/com.st.stm32cube.ide.mcu.externaltools.gnu-tools-for-stm32.13.3.rel1.win32_1.0.0.202411081344/tools/bin/../lib/gcc/arm-none-eabi/13.3.1/../../../../arm-none-eabi/lib/thumb/v7e-m+fp/hard\libc_nano.a(libc_a-mprec.o)
                0x08009738                __ratio
 .text.__copybits
                0x0800979c       0x46 C:/ST/STM32CubeIDE_1.19.0/STM32CubeIDE/plugins/com.st.stm32cube.ide.mcu.externaltools.gnu-tools-for-stm32.13.3.rel1.win32_1.0.0.202411081344/tools/bin/../lib/gcc/arm-none-eabi/13.3.1/../../../../arm-none-eabi/lib/thumb/v7e-m+fp/hard\libc_nano.a(libc_a-mprec.o)
                0x0800979c                __copybits
 .text.__any_on
                0x080097e2       0x42 C:/ST/STM32CubeIDE_1.19.0/STM32CubeIDE/plugins/com.st.stm32cube.ide.mcu.externaltools.gnu-tools-for-stm32.13.3.rel1.win32_1.0.0.202411081344/tools/bin/../lib/gcc/arm-none-eabi/13.3.1/../../../../arm-none-eabi/lib/thumb/v7e-m+fp/hard\libc_nano.a(libc_a-mprec.o)
                0x080097e2                __any_on
 .text.sulp     0x08009824       0x3c C:/ST/STM32CubeIDE_1.19.0/STM32CubeIDE/plugins/com.st.stm32cube.ide.mcu.externaltools.gnu-tools-for-stm32.13.3.rel1.win32_1.0.0.202411081344/tools/bin/../lib/gcc/arm-none-eabi/13.3.1/../../../../arm-none-eabi/lib/thumb/v7e-m+fp/hard\libc_nano.a(libc_a-strtod.o)
 .text._strtod_l
                0x08009860      0xbc8 C:/ST/STM32CubeIDE_1.19.0/STM32CubeIDE/plugins/com.st.stm32cube.ide.mcu.externaltools.gnu-tools-for-stm32.13.3.rel1.win32_1.0.0.202411081344/tools/bin/../lib/gcc/arm-none-eabi/13.3.1/../../../../arm-none-eabi/lib/thumb/v7e-m+fp/hard\libc_nano.a(libc_a-strtod.o)
                0x08009860                _strtod_l
 .text._strtod_r
                0x0800a428        0xc C:/ST/STM32CubeIDE_1.19.0/STM32CubeIDE/plugins/com.st.stm32cube.ide.mcu.externaltools.gnu-tools-for-stm32.13.3.rel1.win32_1.0.0.202411081344/tools/bin/../lib/gcc/arm-none-eabi/13.3.1/../../../../arm-none-eabi/lib/thumb/v7e-m+fp/hard\libc_nano.a(libc_a-strtod.o)
                0x0800a428                _strtod_r
 .text._strtol_l.isra.0
                0x0800a434       0xf4 C:/ST/STM32CubeIDE_1.19.0/STM32CubeIDE/plugins/com.st.stm32cube.ide.mcu.externaltools.gnu-tools-for-stm32.13.3.rel1.win32_1.0.0.202411081344/tools/bin/../lib/gcc/arm-none-eabi/13.3.1/../../../../arm-none-eabi/lib/thumb/v7e-m+fp/hard\libc_nano.a(libc_a-strtol.o)
 .text._strtol_r
                0x0800a528        0x4 C:/ST/STM32CubeIDE_1.19.0/STM32CubeIDE/plugins/com.st.stm32cube.ide.mcu.externaltools.gnu-tools-for-stm32.13.3.rel1.win32_1.0.0.202411081344/tools/bin/../lib/gcc/arm-none-eabi/13.3.1/../../../../arm-none-eabi/lib/thumb/v7e-m+fp/hard\libc_nano.a(libc_a-strtol.o)
                0x0800a528                _strtol_r
 .text.__ssputs_r
                0x0800a52c       0xb6 C:/ST/STM32CubeIDE_1.19.0/STM32CubeIDE/plugins/com.st.stm32cube.ide.mcu.externaltools.gnu-tools-for-stm32.13.3.rel1.win32_1.0.0.202411081344/tools/bin/../lib/gcc/arm-none-eabi/13.3.1/../../../../arm-none-eabi/lib/thumb/v7e-m+fp/hard\libc_nano.a(libc_a-nano-svfprintf.o)
                0x0800a52c                __ssputs_r
 *fill*         0x0800a5e2        0x2 
 .text._svfprintf_r
                0x0800a5e4      0x1f8 C:/ST/STM32CubeIDE_1.19.0/STM32CubeIDE/plugins/com.st.stm32cube.ide.mcu.externaltools.gnu-tools-for-stm32.13.3.rel1.win32_1.0.0.202411081344/tools/bin/../lib/gcc/arm-none-eabi/13.3.1/../../../../arm-none-eabi/lib/thumb/v7e-m+fp/hard\libc_nano.a(libc_a-nano-svfprintf.o)
                0x0800a5e4                _svfiprintf_r
                0x0800a5e4                _svfprintf_r
 .text.__sfputc_r
                0x0800a7dc       0x2e C:/ST/STM32CubeIDE_1.19.0/STM32CubeIDE/plugins/com.st.stm32cube.ide.mcu.externaltools.gnu-tools-for-stm32.13.3.rel1.win32_1.0.0.202411081344/tools/bin/../lib/gcc/arm-none-eabi/13.3.1/../../../../arm-none-eabi/lib/thumb/v7e-m+fp/hard\libc_nano.a(libc_a-nano-vfprintf.o)
 .text.__sfputs_r
                0x0800a80a       0x24 C:/ST/STM32CubeIDE_1.19.0/STM32CubeIDE/plugins/com.st.stm32cube.ide.mcu.externaltools.gnu-tools-for-stm32.13.3.rel1.win32_1.0.0.202411081344/tools/bin/../lib/gcc/arm-none-eabi/13.3.1/../../../../arm-none-eabi/lib/thumb/v7e-m+fp/hard\libc_nano.a(libc_a-nano-vfprintf.o)
                0x0800a80a                __sfputs_r
 *fill*         0x0800a82e        0x2 
 .text._vfprintf_r
                0x0800a830      0x230 C:/ST/STM32CubeIDE_1.19.0/STM32CubeIDE/plugins/com.st.stm32cube.ide.mcu.externaltools.gnu-tools-for-stm32.13.3.rel1.win32_1.0.0.202411081344/tools/bin/../lib/gcc/arm-none-eabi/13.3.1/../../../../arm-none-eabi/lib/thumb/v7e-m+fp/hard\libc_nano.a(libc_a-nano-vfprintf.o)
                0x0800a830                _vfprintf_r
                0x0800a830                _vfiprintf_r
 .text.__sflush_r
                0x0800aa60      0x108 C:/ST/STM32CubeIDE_1.19.0/STM32CubeIDE/plugins/com.st.stm32cube.ide.mcu.externaltools.gnu-tools-for-stm32.13.3.rel1.win32_1.0.0.202411081344/tools/bin/../lib/gcc/arm-none-eabi/13.3.1/../../../../arm-none-eabi/lib/thumb/v7e-m+fp/hard\libc_nano.a(libc_a-fflush.o)
                0x0800aa60                __sflush_r
 .text._fflush_r
                0x0800ab68       0x50 C:/ST/STM32CubeIDE_1.19.0/STM32CubeIDE/plugins/com.st.stm32cube.ide.mcu.externaltools.gnu-tools-for-stm32.13.3.rel1.win32_1.0.0.202411081344/tools/bin/../lib/gcc/arm-none-eabi/13.3.1/../../../../arm-none-eabi/lib/thumb/v7e-m+fp/hard\libc_nano.a(libc_a-fflush.o)
                0x0800ab68                _fflush_r
 .text.__swhatbuf_r
                0x0800abb8       0x4c C:/ST/STM32CubeIDE_1.19.0/STM32CubeIDE/plugins/com.st.stm32cube.ide.mcu.externaltools.gnu-tools-for-stm32.13.3.rel1.win32_1.0.0.202411081344/tools/bin/../lib/gcc/arm-none-eabi/13.3.1/../../../../arm-none-eabi/lib/thumb/v7e-m+fp/hard\libc_nano.a(libc_a-makebuf.o)
                0x0800abb8                __swhatbuf_r
 .text.__smakebuf_r
                0x0800ac04       0x78 C:/ST/STM32CubeIDE_1.19.0/STM32CubeIDE/plugins/com.st.stm32cube.ide.mcu.externaltools.gnu-tools-for-stm32.13.3.rel1.win32_1.0.0.202411081344/tools/bin/../lib/gcc/arm-none-eabi/13.3.1/../../../../arm-none-eabi/lib/thumb/v7e-m+fp/hard\libc_nano.a(libc_a-makebuf.o)
                0x0800ac04                __smakebuf_r
 .text._putc_r  0x0800ac7c       0x68 C:/ST/STM32CubeIDE_1.19.0/STM32CubeIDE/plugins/com.st.stm32cube.ide.mcu.externaltools.gnu-tools-for-stm32.13.3.rel1.win32_1.0.0.202411081344/tools/bin/../lib/gcc/arm-none-eabi/13.3.1/../../../../arm-none-eabi/lib/thumb/v7e-m+fp/hard\libc_nano.a(libc_a-putc.o)
                0x0800ac7c                _putc_r
 .text.memmove  0x0800ace4       0x34 C:/ST/STM32CubeIDE_1.19.0/STM32CubeIDE/plugins/com.st.stm32cube.ide.mcu.externaltools.gnu-tools-for-stm32.13.3.rel1.win32_1.0.0.202411081344/tools/bin/../lib/gcc/arm-none-eabi/13.3.1/../../../../arm-none-eabi/lib/thumb/v7e-m+fp/hard\libc_nano.a(libc_a-memmove.o)
                0x0800ace4                memmove
 .text.strncmp  0x0800ad18       0x24 C:/ST/STM32CubeIDE_1.19.0/STM32CubeIDE/plugins/com.st.stm32cube.ide.mcu.externaltools.gnu-tools-for-stm32.13.3.rel1.win32_1.0.0.202411081344/tools/bin/../lib/gcc/arm-none-eabi/13.3.1/../../../../arm-none-eabi/lib/thumb/v7e-m+fp/hard\libc_nano.a(libc_a-strncmp.o)
                0x0800ad18                strncmp
 .text._fstat_r
                0x0800ad3c       0x24 C:/ST/STM32CubeIDE_1.19.0/STM32CubeIDE/plugins/com.st.stm32cube.ide.mcu.externaltools.gnu-tools-for-stm32.13.3.rel1.win32_1.0.0.202411081344/tools/bin/../lib/gcc/arm-none-eabi/13.3.1/../../../../arm-none-eabi/lib/thumb/v7e-m+fp/hard\libc_nano.a(libc_a-fstatr.o)
                0x0800ad3c                _fstat_r
 .text._isatty_r
                0x0800ad60       0x20 C:/ST/STM32CubeIDE_1.19.0/STM32CubeIDE/plugins/com.st.stm32cube.ide.mcu.externaltools.gnu-tools-for-stm32.13.3.rel1.win32_1.0.0.202411081344/tools/bin/../lib/gcc/arm-none-eabi/13.3.1/../../../../arm-none-eabi/lib/thumb/v7e-m+fp/hard\libc_nano.a(libc_a-isattyr.o)
                0x0800ad60                _isatty_r
 .text._sbrk_r  0x0800ad80       0x20 C:/ST/STM32CubeIDE_1.19.0/STM32CubeIDE/plugins/com.st.stm32cube.ide.mcu.externaltools.gnu-tools-for-stm32.13.3.rel1.win32_1.0.0.202411081344/tools/bin/../lib/gcc/arm-none-eabi/13.3.1/../../../../arm-none-eabi/lib/thumb/v7e-m+fp/hard\libc_nano.a(libc_a-sbrkr.o)
                0x0800ad80                _sbrk_r
 .text.nan      0x0800ada0       0x10 C:/ST/STM32CubeIDE_1.19.0/STM32CubeIDE/plugins/com.st.stm32cube.ide.mcu.externaltools.gnu-tools-for-stm32.13.3.rel1.win32_1.0.0.202411081344/tools/bin/../lib/gcc/arm-none-eabi/13.3.1/../../../../arm-none-eabi/lib/thumb/v7e-m+fp/hard\libc_nano.a(libm_a-s_nan.o)
                0x0800ada0                nan
 .text.__assert_func
                0x0800adb0       0x3c C:/ST/STM32CubeIDE_1.19.0/STM32CubeIDE/plugins/com.st.stm32cube.ide.mcu.externaltools.gnu-tools-for-stm32.13.3.rel1.win32_1.0.0.202411081344/tools/bin/../lib/gcc/arm-none-eabi/13.3.1/../../../../arm-none-eabi/lib/thumb/v7e-m+fp/hard\libc_nano.a(libc_a-assert.o)
                0x0800adb0                __assert_func
 .text._calloc_r
                0x0800adec       0x28 C:/ST/STM32CubeIDE_1.19.0/STM32CubeIDE/plugins/com.st.stm32cube.ide.mcu.externaltools.gnu-tools-for-stm32.13.3.rel1.win32_1.0.0.202411081344/tools/bin/../lib/gcc/arm-none-eabi/13.3.1/../../../../arm-none-eabi/lib/thumb/v7e-m+fp/hard\libc_nano.a(libc_a-callocr.o)
                0x0800adec                _calloc_r
 .text.rshift   0x0800ae14       0xa4 C:/ST/STM32CubeIDE_1.19.0/STM32CubeIDE/plugins/com.st.stm32cube.ide.mcu.externaltools.gnu-tools-for-stm32.13.3.rel1.win32_1.0.0.202411081344/tools/bin/../lib/gcc/arm-none-eabi/13.3.1/../../../../arm-none-eabi/lib/thumb/v7e-m+fp/hard\libc_nano.a(libc_a-gdtoa-gethex.o)
 .text.__hexdig_fun
                0x0800aeb8       0x2a C:/ST/STM32CubeIDE_1.19.0/STM32CubeIDE/plugins/com.st.stm32cube.ide.mcu.externaltools.gnu-tools-for-stm32.13.3.rel1.win32_1.0.0.202411081344/tools/bin/../lib/gcc/arm-none-eabi/13.3.1/../../../../arm-none-eabi/lib/thumb/v7e-m+fp/hard\libc_nano.a(libc_a-gdtoa-gethex.o)
                0x0800aeb8                __hexdig_fun
 *fill*         0x0800aee2        0x2 
 .text.__gethex
                0x0800aee4      0x420 C:/ST/STM32CubeIDE_1.19.0/STM32CubeIDE/plugins/com.st.stm32cube.ide.mcu.externaltools.gnu-tools-for-stm32.13.3.rel1.win32_1.0.0.202411081344/tools/bin/../lib/gcc/arm-none-eabi/13.3.1/../../../../arm-none-eabi/lib/thumb/v7e-m+fp/hard\libc_nano.a(libc_a-gdtoa-gethex.o)
                0x0800aee4                __gethex
 .text.L_shift  0x0800b304       0x24 C:/ST/STM32CubeIDE_1.19.0/STM32CubeIDE/plugins/com.st.stm32cube.ide.mcu.externaltools.gnu-tools-for-stm32.13.3.rel1.win32_1.0.0.202411081344/tools/bin/../lib/gcc/arm-none-eabi/13.3.1/../../../../arm-none-eabi/lib/thumb/v7e-m+fp/hard\libc_nano.a(libc_a-gdtoa-hexnan.o)
 .text.__match  0x0800b328       0x28 C:/ST/STM32CubeIDE_1.19.0/STM32CubeIDE/plugins/com.st.stm32cube.ide.mcu.externaltools.gnu-tools-for-stm32.13.3.rel1.win32_1.0.0.202411081344/tools/bin/../lib/gcc/arm-none-eabi/13.3.1/../../../../arm-none-eabi/lib/thumb/v7e-m+fp/hard\libc_nano.a(libc_a-gdtoa-hexnan.o)
                0x0800b328                __match
 .text.__hexnan
                0x0800b350      0x136 C:/ST/STM32CubeIDE_1.19.0/STM32CubeIDE/plugins/com.st.stm32cube.ide.mcu.externaltools.gnu-tools-for-stm32.13.3.rel1.win32_1.0.0.202411081344/tools/bin/../lib/gcc/arm-none-eabi/13.3.1/../../../../arm-none-eabi/lib/thumb/v7e-m+fp/hard\libc_nano.a(libc_a-gdtoa-hexnan.o)
                0x0800b350                __hexnan
 .text.__ascii_mbtowc
                0x0800b486       0x24 C:/ST/STM32CubeIDE_1.19.0/STM32CubeIDE/plugins/com.st.stm32cube.ide.mcu.externaltools.gnu-tools-for-stm32.13.3.rel1.win32_1.0.0.202411081344/tools/bin/../lib/gcc/arm-none-eabi/13.3.1/../../../../arm-none-eabi/lib/thumb/v7e-m+fp/hard\libc_nano.a(libc_a-mbtowc_r.o)
                0x0800b486                __ascii_mbtowc
 .text._realloc_r
                0x0800b4aa       0x5c C:/ST/STM32CubeIDE_1.19.0/STM32CubeIDE/plugins/com.st.stm32cube.ide.mcu.externaltools.gnu-tools-for-stm32.13.3.rel1.win32_1.0.0.202411081344/tools/bin/../lib/gcc/arm-none-eabi/13.3.1/../../../../arm-none-eabi/lib/thumb/v7e-m+fp/hard\libc_nano.a(libc_a-reallocr.o)
                0x0800b4aa                _realloc_r
 .text.__ascii_wctomb
                0x0800b506       0x1a C:/ST/STM32CubeIDE_1.19.0/STM32CubeIDE/plugins/com.st.stm32cube.ide.mcu.externaltools.gnu-tools-for-stm32.13.3.rel1.win32_1.0.0.202411081344/tools/bin/../lib/gcc/arm-none-eabi/13.3.1/../../../../arm-none-eabi/lib/thumb/v7e-m+fp/hard\libc_nano.a(libc_a-wctomb_r.o)
                0x0800b506                __ascii_wctomb
 .text.fprintf  0x0800b520       0x24 C:/ST/STM32CubeIDE_1.19.0/STM32CubeIDE/plugins/com.st.stm32cube.ide.mcu.externaltools.gnu-tools-for-stm32.13.3.rel1.win32_1.0.0.202411081344/tools/bin/../lib/gcc/arm-none-eabi/13.3.1/../../../../arm-none-eabi/lib/thumb/v7e-m+fp/hard\libc_nano.a(libc_a-fprintf.o)
                0x0800b520                fiprintf
                0x0800b520                fprintf
 .text.abort    0x0800b544        0xe C:/ST/STM32CubeIDE_1.19.0/STM32CubeIDE/plugins/com.st.stm32cube.ide.mcu.externaltools.gnu-tools-for-stm32.13.3.rel1.win32_1.0.0.202411081344/tools/bin/../lib/gcc/arm-none-eabi/13.3.1/../../../../arm-none-eabi/lib/thumb/v7e-m+fp/hard\libc_nano.a(libc_a-abort.o)
                0x0800b544                abort
 .text._malloc_usable_size_r
                0x0800b552       0x10 C:/ST/STM32CubeIDE_1.19.0/STM32CubeIDE/plugins/com.st.stm32cube.ide.mcu.externaltools.gnu-tools-for-stm32.13.3.rel1.win32_1.0.0.202411081344/tools/bin/../lib/gcc/arm-none-eabi/13.3.1/../../../../arm-none-eabi/lib/thumb/v7e-m+fp/hard\libc_nano.a(libc_a-msizer.o)
                0x0800b552                _malloc_usable_size_r
 .text._raise_r
                0x0800b562       0x50 C:/ST/STM32CubeIDE_1.19.0/STM32CubeIDE/plugins/com.st.stm32cube.ide.mcu.externaltools.gnu-tools-for-stm32.13.3.rel1.win32_1.0.0.202411081344/tools/bin/../lib/gcc/arm-none-eabi/13.3.1/../../../../arm-none-eabi/lib/thumb/v7e-m+fp/hard\libc_nano.a(libc_a-signal.o)
                0x0800b562                _raise_r
 *fill*         0x0800b5b2        0x2 
 .text.raise    0x0800b5b4       0x10 C:/ST/STM32CubeIDE_1.19.0/STM32CubeIDE/plugins/com.st.stm32cube.ide.mcu.externaltools.gnu-tools-for-stm32.13.3.rel1.win32_1.0.0.202411081344/tools/bin/../lib/gcc/arm-none-eabi/13.3.1/../../../../arm-none-eabi/lib/thumb/v7e-m+fp/hard\libc_nano.a(libc_a-signal.o)
                0x0800b5b4                raise
 .text._kill_r  0x0800b5c4       0x24 C:/ST/STM32CubeIDE_1.19.0/STM32CubeIDE/plugins/com.st.stm32cube.ide.mcu.externaltools.gnu-tools-for-stm32.13.3.rel1.win32_1.0.0.202411081344/tools/bin/../lib/gcc/arm-none-eabi/13.3.1/../../../../arm-none-eabi/lib/thumb/v7e-m+fp/hard\libc_nano.a(libc_a-signalr.o)
                0x0800b5c4                _kill_r
 .text._getpid_r
                0x0800b5e8        0x4 C:/ST/STM32CubeIDE_1.19.0/STM32CubeIDE/plugins/com.st.stm32cube.ide.mcu.externaltools.gnu-tools-for-stm32.13.3.rel1.win32_1.0.0.202411081344/tools/bin/../lib/gcc/arm-none-eabi/13.3.1/../../../../arm-none-eabi/lib/thumb/v7e-m+fp/hard\libc_nano.a(libc_a-signalr.o)
                0x0800b5e8                _getpid_r
 .text.expf     0x0800b5ec       0x6c C:/ST/STM32CubeIDE_1.19.0/STM32CubeIDE/plugins/com.st.stm32cube.ide.mcu.externaltools.gnu-tools-for-stm32.13.3.rel1.win32_1.0.0.202411081344/tools/bin/../lib/gcc/arm-none-eabi/13.3.1/../../../../arm-none-eabi/lib/thumb/v7e-m+fp/hard\libm.a(libm_a-wf_exp.o)
                0x0800b5ec                expf
 .text.tanhf    0x0800b658       0xd4 C:/ST/STM32CubeIDE_1.19.0/STM32CubeIDE/plugins/com.st.stm32cube.ide.mcu.externaltools.gnu-tools-for-stm32.13.3.rel1.win32_1.0.0.202411081344/tools/bin/../lib/gcc/arm-none-eabi/13.3.1/../../../../arm-none-eabi/lib/thumb/v7e-m+fp/hard\libm.a(libm_a-sf_tanh.o)
                0x0800b658                tanhf
 .text.finitef  0x0800b72c       0x14 C:/ST/STM32CubeIDE_1.19.0/STM32CubeIDE/plugins/com.st.stm32cube.ide.mcu.externaltools.gnu-tools-for-stm32.13.3.rel1.win32_1.0.0.202411081344/tools/bin/../lib/gcc/arm-none-eabi/13.3.1/../../../../arm-none-eabi/lib/thumb/v7e-m+fp/hard\libm.a(libm_a-sf_finite.o)
                0x0800b72c                finitef
 .text.expm1f   0x0800b740      0x250 C:/ST/STM32CubeIDE_1.19.0/STM32CubeIDE/plugins/com.st.stm32cube.ide.mcu.externaltools.gnu-tools-for-stm32.13.3.rel1.win32_1.0.0.202411081344/tools/bin/../lib/gcc/arm-none-eabi/13.3.1/../../../../arm-none-eabi/lib/thumb/v7e-m+fp/hard\libm.a(libm_a-sf_expm1.o)
                0x0800b740                expm1f
 .text.with_errnof
                0x0800b990       0x1c C:/ST/STM32CubeIDE_1.19.0/STM32CubeIDE/plugins/com.st.stm32cube.ide.mcu.externaltools.gnu-tools-for-stm32.13.3.rel1.win32_1.0.0.202411081344/tools/bin/../lib/gcc/arm-none-eabi/13.3.1/../../../../arm-none-eabi/lib/thumb/v7e-m+fp/hard\libm.a(libm_a-math_errf.o)
 .text.xflowf   0x0800b9ac       0x16 C:/ST/STM32CubeIDE_1.19.0/STM32CubeIDE/plugins/com.st.stm32cube.ide.mcu.externaltools.gnu-tools-for-stm32.13.3.rel1.win32_1.0.0.202411081344/tools/bin/../lib/gcc/arm-none-eabi/13.3.1/../../../../arm-none-eabi/lib/thumb/v7e-m+fp/hard\libm.a(libm_a-math_errf.o)
 *fill*         0x0800b9c2        0x2 
 .text.__math_uflowf
                0x0800b9c4        0xc C:/ST/STM32CubeIDE_1.19.0/STM32CubeIDE/plugins/com.st.stm32cube.ide.mcu.externaltools.gnu-tools-for-stm32.13.3.rel1.win32_1.0.0.202411081344/tools/bin/../lib/gcc/arm-none-eabi/13.3.1/../../../../arm-none-eabi/lib/thumb/v7e-m+fp/hard\libm.a(libm_a-math_errf.o)
                0x0800b9c4                __math_uflowf
 .text.__math_oflowf
                0x0800b9d0        0xc C:/ST/STM32CubeIDE_1.19.0/STM32CubeIDE/plugins/com.st.stm32cube.ide.mcu.externaltools.gnu-tools-for-stm32.13.3.rel1.win32_1.0.0.202411081344/tools/bin/../lib/gcc/arm-none-eabi/13.3.1/../../../../arm-none-eabi/lib/thumb/v7e-m+fp/hard\libm.a(libm_a-math_errf.o)
                0x0800b9d0                __math_oflowf
 .text.__ieee754_expf
                0x0800b9dc      0x19c C:/ST/STM32CubeIDE_1.19.0/STM32CubeIDE/plugins/com.st.stm32cube.ide.mcu.externaltools.gnu-tools-for-stm32.13.3.rel1.win32_1.0.0.202411081344/tools/bin/../lib/gcc/arm-none-eabi/13.3.1/../../../../arm-none-eabi/lib/thumb/v7e-m+fp/hard\libm.a(libm_a-ef_exp.o)
                0x0800b9dc                __ieee754_expf
 .text.fabsf    0x0800bb78        0xe C:/ST/STM32CubeIDE_1.19.0/STM32CubeIDE/plugins/com.st.stm32cube.ide.mcu.externaltools.gnu-tools-for-stm32.13.3.rel1.win32_1.0.0.202411081344/tools/bin/../lib/gcc/arm-none-eabi/13.3.1/../../../../arm-none-eabi/lib/thumb/v7e-m+fp/hard\libm.a(libm_a-sf_fabs.o)
                0x0800bb78                fabsf
 *(.glue_7)
 .glue_7        0x0800bb86        0x0 linker stubs
 *(.glue_7t)
 .glue_7t       0x0800bb86        0x0 linker stubs
 *(.eh_frame)
 *fill*         0x0800bb86        0x2 
 .eh_frame      0x0800bb88        0x0 C:/ST/STM32CubeIDE_1.19.0/STM32CubeIDE/plugins/com.st.stm32cube.ide.mcu.externaltools.gnu-tools-for-stm32.13.3.rel1.win32_1.0.0.202411081344/tools/bin/../lib/gcc/arm-none-eabi/13.3.1/thumb/v7e-m+fp/hard/crtbegin.o
 *(.init)
 .init          0x0800bb88        0x4 C:/ST/STM32CubeIDE_1.19.0/STM32CubeIDE/plugins/com.st.stm32cube.ide.mcu.externaltools.gnu-tools-for-stm32.13.3.rel1.win32_1.0.0.202411081344/tools/bin/../lib/gcc/arm-none-eabi/13.3.1/thumb/v7e-m+fp/hard/crti.o
                0x0800bb88                _init
 .init          0x0800bb8c        0x8 C:/ST/STM32CubeIDE_1.19.0/STM32CubeIDE/plugins/com.st.stm32cube.ide.mcu.externaltools.gnu-tools-for-stm32.13.3.rel1.win32_1.0.0.202411081344/tools/bin/../lib/gcc/arm-none-eabi/13.3.1/thumb/v7e-m+fp/hard/crtn.o
 *(.fini)
 .fini          0x0800bb94        0x4 C:/ST/STM32CubeIDE_1.19.0/STM32CubeIDE/plugins/com.st.stm32cube.ide.mcu.externaltools.gnu-tools-for-stm32.13.3.rel1.win32_1.0.0.202411081344/tools/bin/../lib/gcc/arm-none-eabi/13.3.1/thumb/v7e-m+fp/hard/crti.o
                0x0800bb94                _fini
 .fini          0x0800bb98        0x8 C:/ST/STM32CubeIDE_1.19.0/STM32CubeIDE/plugins/com.st.stm32cube.ide.mcu.externaltools.gnu-tools-for-stm32.13.3.rel1.win32_1.0.0.202411081344/tools/bin/../lib/gcc/arm-none-eabi/13.3.1/thumb/v7e-m+fp/hard/crtn.o
                0x0800bba0                        . = ALIGN (0x4)
                0x0800bba0                        _etext = .

.vfp11_veneer   0x0800bba0        0x0
 .vfp11_veneer  0x0800bba0        0x0 linker stubs

.v4_bx          0x0800bba0        0x0
 .v4_bx         0x0800bba0        0x0 linker stubs

.iplt           0x0800bba0        0x0
 .iplt          0x0800bba0        0x0 C:/ST/STM32CubeIDE_1.19.0/STM32CubeIDE/plugins/com.st.stm32cube.ide.mcu.externaltools.gnu-tools-for-stm32.13.3.rel1.win32_1.0.0.202411081344/tools/bin/../lib/gcc/arm-none-eabi/13.3.1/thumb/v7e-m+fp/hard/crtbegin.o

.rodata         0x0800bba0    0x1ebe8
                0x0800bba0                        . = ALIGN (0x4)
 *(.rodata)
 .rodata        0x0800bba0       0x5a ./Core/Src/main.o
 *(.rodata*)
 *fill*         0x0800bbfa        0x2 
 .rodata.AHBPrescTable
                0x0800bbfc       0x10 ./Core/Src/system_stm32l4xx.o
                0x0800bbfc                AHBPrescTable
 .rodata.APBPrescTable
                0x0800bc0c        0x8 ./Core/Src/system_stm32l4xx.o
                0x0800bc0c                APBPrescTable
 .rodata.MSIRangeTable
                0x0800bc14       0x30 ./Core/Src/system_stm32l4xx.o
                0x0800bc14                MSIRangeTable
 .rodata.UARTPrescTable
                0x0800bc44       0x18 ./Drivers/STM32L4xx_HAL_Driver/Src/stm32l4xx_hal_uart.o
                0x0800bc44                UARTPrescTable
 .rodata.numerator.1
                0x0800bc5c        0x8 ./Drivers/STM32L4xx_HAL_Driver/Src/stm32l4xx_hal_uart_ex.o
 .rodata.denominator.0
                0x0800bc64        0x8 ./Drivers/STM32L4xx_HAL_Driver/Src/stm32l4xx_hal_uart_ex.o
 .rodata.preprocessing_params
                0x0800bc6c        0xc D:\TinyML_Workspace\TinyML\STM32\Nano_Acquizition\lib\libneai.a(preproc_params.o)
                0x0800bc6c                preprocessing_params
 .rodata.fft_index
                0x0800bc78        0x4 D:\TinyML_Workspace\TinyML\STM32\Nano_Acquizition\lib\libneai.a(stft_params.o)
                0x0800bc78                fft_index
 .rodata.stft_window_coeffs
                0x0800bc7c      0x400 D:\TinyML_Workspace\TinyML\STM32\Nano_Acquizition\lib\libneai.a(stft_params.o)
                0x0800bc7c                stft_window_coeffs
 .rodata.stft_window_norm_factor
                0x0800c07c        0x4 D:\TinyML_Workspace\TinyML\STM32\Nano_Acquizition\lib\libneai.a(stft_params.o)
                0x0800c07c                stft_window_norm_factor
 .rodata.lstm_model_knowledge
                0x0800c080    0x1d91c D:\TinyML_Workspace\TinyML\STM32\Nano_Acquizition\lib\libneai.a(lstm_model.o)
                0x0800c080                lstm_model_knowledge
 .rodata.twiddleCoef_rfft_256
                0x0802999c      0x400 D:\TinyML_Workspace\TinyML\STM32\Nano_Acquizition\lib\libneai.a(arm_common_tables_256.o)
                0x0802999c                neai_twiddleCoef_rfft_256
 .rodata.armBitRevIndexTable128
                0x08029d9c      0x1a0 D:\TinyML_Workspace\TinyML\STM32\Nano_Acquizition\lib\libneai.a(arm_common_tables_256.o)
                0x08029d9c                neai_armBitRevIndexTable128
 .rodata.twiddleCoef_128
                0x08029f3c      0x400 D:\TinyML_Workspace\TinyML\STM32\Nano_Acquizition\lib\libneai.a(arm_common_tables_256.o)
                0x08029f3c                neai_twiddleCoef_128
 .rodata._printf_float.str1.1
                0x0802a33c      0x1d6 C:/ST/STM32CubeIDE_1.19.0/STM32CubeIDE/plugins/com.st.stm32cube.ide.mcu.externaltools.gnu-tools-for-stm32.13.3.rel1.win32_1.0.0.202411081344/tools/bin/../lib/gcc/arm-none-eabi/13.3.1/../../../../arm-none-eabi/lib/thumb/v7e-m+fp/hard\libc_nano.a(libc_a-nano-vfprintf_float.o)
                                 0x12 (size before relaxing)
 .rodata._printf_i.str1.1
                0x0802a512       0x22 C:/ST/STM32CubeIDE_1.19.0/STM32CubeIDE/plugins/com.st.stm32cube.ide.mcu.externaltools.gnu-tools-for-stm32.13.3.rel1.win32_1.0.0.202411081344/tools/bin/../lib/gcc/arm-none-eabi/13.3.1/../../../../arm-none-eabi/lib/thumb/v7e-m+fp/hard\libc_nano.a(libc_a-nano-vfprintf_i.o)
 .rodata._scanf_float.str1.1
                0x0802a512        0x6 C:/ST/STM32CubeIDE_1.19.0/STM32CubeIDE/plugins/com.st.stm32cube.ide.mcu.externaltools.gnu-tools-for-stm32.13.3.rel1.win32_1.0.0.202411081344/tools/bin/../lib/gcc/arm-none-eabi/13.3.1/../../../../arm-none-eabi/lib/thumb/v7e-m+fp/hard\libc_nano.a(libc_a-nano-vfscanf_float.o)
 .rodata._dtoa_r.str1.1
                0x0802a512       0x8f C:/ST/STM32CubeIDE_1.19.0/STM32CubeIDE/plugins/com.st.stm32cube.ide.mcu.externaltools.gnu-tools-for-stm32.13.3.rel1.win32_1.0.0.202411081344/tools/bin/../lib/gcc/arm-none-eabi/13.3.1/../../../../arm-none-eabi/lib/thumb/v7e-m+fp/hard\libc_nano.a(libc_a-dtoa.o)
 .rodata._Balloc.str1.1
                0x0802a512       0x70 C:/ST/STM32CubeIDE_1.19.0/STM32CubeIDE/plugins/com.st.stm32cube.ide.mcu.externaltools.gnu-tools-for-stm32.13.3.rel1.win32_1.0.0.202411081344/tools/bin/../lib/gcc/arm-none-eabi/13.3.1/../../../../arm-none-eabi/lib/thumb/v7e-m+fp/hard\libc_nano.a(libc_a-mprec.o)
 .rodata.__multadd.str1.1
                0x0802a512       0x11 C:/ST/STM32CubeIDE_1.19.0/STM32CubeIDE/plugins/com.st.stm32cube.ide.mcu.externaltools.gnu-tools-for-stm32.13.3.rel1.win32_1.0.0.202411081344/tools/bin/../lib/gcc/arm-none-eabi/13.3.1/../../../../arm-none-eabi/lib/thumb/v7e-m+fp/hard\libc_nano.a(libc_a-mprec.o)
 *fill*         0x0802a512        0x2 
 .rodata.p05.0  0x0802a514        0xc C:/ST/STM32CubeIDE_1.19.0/STM32CubeIDE/plugins/com.st.stm32cube.ide.mcu.externaltools.gnu-tools-for-stm32.13.3.rel1.win32_1.0.0.202411081344/tools/bin/../lib/gcc/arm-none-eabi/13.3.1/../../../../arm-none-eabi/lib/thumb/v7e-m+fp/hard\libc_nano.a(libc_a-mprec.o)
 .rodata.__mprec_bigtens
                0x0802a520       0x28 C:/ST/STM32CubeIDE_1.19.0/STM32CubeIDE/plugins/com.st.stm32cube.ide.mcu.externaltools.gnu-tools-for-stm32.13.3.rel1.win32_1.0.0.202411081344/tools/bin/../lib/gcc/arm-none-eabi/13.3.1/../../../../arm-none-eabi/lib/thumb/v7e-m+fp/hard\libc_nano.a(libc_a-mprec.o)
                0x0802a520                __mprec_bigtens
 .rodata.__mprec_tens
                0x0802a548       0xc8 C:/ST/STM32CubeIDE_1.19.0/STM32CubeIDE/plugins/com.st.stm32cube.ide.mcu.externaltools.gnu-tools-for-stm32.13.3.rel1.win32_1.0.0.202411081344/tools/bin/../lib/gcc/arm-none-eabi/13.3.1/../../../../arm-none-eabi/lib/thumb/v7e-m+fp/hard\libc_nano.a(libc_a-mprec.o)
                0x0802a548                __mprec_tens
 .rodata._strtod_l.str1.1
                0x0802a610        0xf C:/ST/STM32CubeIDE_1.19.0/STM32CubeIDE/plugins/com.st.stm32cube.ide.mcu.externaltools.gnu-tools-for-stm32.13.3.rel1.win32_1.0.0.202411081344/tools/bin/../lib/gcc/arm-none-eabi/13.3.1/../../../../arm-none-eabi/lib/thumb/v7e-m+fp/hard\libc_nano.a(libc_a-strtod.o)
 .rodata.fpinan.0
                0x0802a610       0x14 C:/ST/STM32CubeIDE_1.19.0/STM32CubeIDE/plugins/com.st.stm32cube.ide.mcu.externaltools.gnu-tools-for-stm32.13.3.rel1.win32_1.0.0.202411081344/tools/bin/../lib/gcc/arm-none-eabi/13.3.1/../../../../arm-none-eabi/lib/thumb/v7e-m+fp/hard\libc_nano.a(libc_a-strtod.o)
 .rodata.fpi.1  0x0802a624       0x14 C:/ST/STM32CubeIDE_1.19.0/STM32CubeIDE/plugins/com.st.stm32cube.ide.mcu.externaltools.gnu-tools-for-stm32.13.3.rel1.win32_1.0.0.202411081344/tools/bin/../lib/gcc/arm-none-eabi/13.3.1/../../../../arm-none-eabi/lib/thumb/v7e-m+fp/hard\libc_nano.a(libc_a-strtod.o)
 .rodata.tinytens
                0x0802a638       0x28 C:/ST/STM32CubeIDE_1.19.0/STM32CubeIDE/plugins/com.st.stm32cube.ide.mcu.externaltools.gnu-tools-for-stm32.13.3.rel1.win32_1.0.0.202411081344/tools/bin/../lib/gcc/arm-none-eabi/13.3.1/../../../../arm-none-eabi/lib/thumb/v7e-m+fp/hard\libc_nano.a(libc_a-strtod.o)
 .rodata._ctype_
                0x0802a660      0x101 C:/ST/STM32CubeIDE_1.19.0/STM32CubeIDE/plugins/com.st.stm32cube.ide.mcu.externaltools.gnu-tools-for-stm32.13.3.rel1.win32_1.0.0.202411081344/tools/bin/../lib/gcc/arm-none-eabi/13.3.1/../../../../arm-none-eabi/lib/thumb/v7e-m+fp/hard\libc_nano.a(libc_a-ctype_.o)
                0x0802a660                _ctype_
 .rodata._svfprintf_r.str1.1
                0x0802a761       0x11 C:/ST/STM32CubeIDE_1.19.0/STM32CubeIDE/plugins/com.st.stm32cube.ide.mcu.externaltools.gnu-tools-for-stm32.13.3.rel1.win32_1.0.0.202411081344/tools/bin/../lib/gcc/arm-none-eabi/13.3.1/../../../../arm-none-eabi/lib/thumb/v7e-m+fp/hard\libc_nano.a(libc_a-nano-svfprintf.o)
 .rodata._vfprintf_r.str1.1
                0x0802a761       0x11 C:/ST/STM32CubeIDE_1.19.0/STM32CubeIDE/plugins/com.st.stm32cube.ide.mcu.externaltools.gnu-tools-for-stm32.13.3.rel1.win32_1.0.0.202411081344/tools/bin/../lib/gcc/arm-none-eabi/13.3.1/../../../../arm-none-eabi/lib/thumb/v7e-m+fp/hard\libc_nano.a(libc_a-nano-vfprintf.o)
 .rodata._setlocale_r.str1.1
                0x0802a761        0x9 C:/ST/STM32CubeIDE_1.19.0/STM32CubeIDE/plugins/com.st.stm32cube.ide.mcu.externaltools.gnu-tools-for-stm32.13.3.rel1.win32_1.0.0.202411081344/tools/bin/../lib/gcc/arm-none-eabi/13.3.1/../../../../arm-none-eabi/lib/thumb/v7e-m+fp/hard\libc_nano.a(libc_a-locale.o)
 .rodata.str1.1
                0x0802a761        0x2 C:/ST/STM32CubeIDE_1.19.0/STM32CubeIDE/plugins/com.st.stm32cube.ide.mcu.externaltools.gnu-tools-for-stm32.13.3.rel1.win32_1.0.0.202411081344/tools/bin/../lib/gcc/arm-none-eabi/13.3.1/../../../../arm-none-eabi/lib/thumb/v7e-m+fp/hard\libc_nano.a(libc_a-locale.o)
 .rodata.__assert_func.str1.1
                0x0802a761       0x3d C:/ST/STM32CubeIDE_1.19.0/STM32CubeIDE/plugins/com.st.stm32cube.ide.mcu.externaltools.gnu-tools-for-stm32.13.3.rel1.win32_1.0.0.202411081344/tools/bin/../lib/gcc/arm-none-eabi/13.3.1/../../../../arm-none-eabi/lib/thumb/v7e-m+fp/hard\libc_nano.a(libc_a-assert.o)
 .rodata.__gethex.str1.1
                0x0802a761       0x73 C:/ST/STM32CubeIDE_1.19.0/STM32CubeIDE/plugins/com.st.stm32cube.ide.mcu.externaltools.gnu-tools-for-stm32.13.3.rel1.win32_1.0.0.202411081344/tools/bin/../lib/gcc/arm-none-eabi/13.3.1/../../../../arm-none-eabi/lib/thumb/v7e-m+fp/hard\libc_nano.a(libc_a-gdtoa-gethex.o)
 *fill*         0x0802a761        0x3 
 .rodata.tiny   0x0802a764        0x4 C:/ST/STM32CubeIDE_1.19.0/STM32CubeIDE/plugins/com.st.stm32cube.ide.mcu.externaltools.gnu-tools-for-stm32.13.3.rel1.win32_1.0.0.202411081344/tools/bin/../lib/gcc/arm-none-eabi/13.3.1/../../../../arm-none-eabi/lib/thumb/v7e-m+fp/hard\libm.a(libm_a-sf_tanh.o)
 .rodata.two    0x0802a768        0x4 C:/ST/STM32CubeIDE_1.19.0/STM32CubeIDE/plugins/com.st.stm32cube.ide.mcu.externaltools.gnu-tools-for-stm32.13.3.rel1.win32_1.0.0.202411081344/tools/bin/../lib/gcc/arm-none-eabi/13.3.1/../../../../arm-none-eabi/lib/thumb/v7e-m+fp/hard\libm.a(libm_a-sf_tanh.o)
 .rodata.one    0x0802a76c        0x4 C:/ST/STM32CubeIDE_1.19.0/STM32CubeIDE/plugins/com.st.stm32cube.ide.mcu.externaltools.gnu-tools-for-stm32.13.3.rel1.win32_1.0.0.202411081344/tools/bin/../lib/gcc/arm-none-eabi/13.3.1/../../../../arm-none-eabi/lib/thumb/v7e-m+fp/hard\libm.a(libm_a-sf_tanh.o)
 .rodata.ln2LO  0x0802a770        0x8 C:/ST/STM32CubeIDE_1.19.0/STM32CubeIDE/plugins/com.st.stm32cube.ide.mcu.externaltools.gnu-tools-for-stm32.13.3.rel1.win32_1.0.0.202411081344/tools/bin/../lib/gcc/arm-none-eabi/13.3.1/../../../../arm-none-eabi/lib/thumb/v7e-m+fp/hard\libm.a(libm_a-ef_exp.o)
 .rodata.ln2HI  0x0802a778        0x8 C:/ST/STM32CubeIDE_1.19.0/STM32CubeIDE/plugins/com.st.stm32cube.ide.mcu.externaltools.gnu-tools-for-stm32.13.3.rel1.win32_1.0.0.202411081344/tools/bin/../lib/gcc/arm-none-eabi/13.3.1/../../../../arm-none-eabi/lib/thumb/v7e-m+fp/hard\libm.a(libm_a-ef_exp.o)
 .rodata.halF   0x0802a780        0x8 C:/ST/STM32CubeIDE_1.19.0/STM32CubeIDE/plugins/com.st.stm32cube.ide.mcu.externaltools.gnu-tools-for-stm32.13.3.rel1.win32_1.0.0.202411081344/tools/bin/../lib/gcc/arm-none-eabi/13.3.1/../../../../arm-none-eabi/lib/thumb/v7e-m+fp/hard\libm.a(libm_a-ef_exp.o)
                0x0802a788                        . = ALIGN (0x4)

.ARM.extab      0x0802a788        0x0