../Core/Src/lsm6dsl_reg.c:48:16:lsm6dsl_read_reg	40	static
../Core/Src/lsm6dsl_reg.c:74:16:lsm6dsl_write_reg	40	static
../Core/Src/lsm6dsl_reg.c:102:9:lsm6dsl_from_fs2g_to_mg	16	static
../Core/Src/lsm6dsl_reg.c:107:9:lsm6dsl_from_fs4g_to_mg	16	static
../Core/Src/lsm6dsl_reg.c:112:9:lsm6dsl_from_fs8g_to_mg	16	static
../Core/Src/lsm6dsl_reg.c:117:9:lsm6dsl_from_fs16g_to_mg	16	static
../Core/Src/lsm6dsl_reg.c:122:9:lsm6dsl_from_fs125dps_to_mdps	16	static
../Core/Src/lsm6dsl_reg.c:127:9:lsm6dsl_from_fs250dps_to_mdps	16	static
../Core/Src/lsm6dsl_reg.c:132:9:lsm6dsl_from_fs500dps_to_mdps	16	static
../Core/Src/lsm6dsl_reg.c:137:9:lsm6dsl_from_fs1000dps_to_mdps	16	static
../Core/Src/lsm6dsl_reg.c:142:9:lsm6dsl_from_fs2000dps_to_mdps	16	static
../Core/Src/lsm6dsl_reg.c:147:9:lsm6dsl_from_lsb_to_celsius	16	static
../Core/Src/lsm6dsl_reg.c:174:9:lsm6dsl_xl_full_scale_set	24	static
../Core/Src/lsm6dsl_reg.c:199:9:lsm6dsl_xl_full_scale_get	24	static
../Core/Src/lsm6dsl_reg.c:241:9:lsm6dsl_xl_data_rate_set	24	static
../Core/Src/lsm6dsl_reg.c:266:9:lsm6dsl_xl_data_rate_get	24	static
../Core/Src/lsm6dsl_reg.c:340:9:lsm6dsl_gy_full_scale_set	24	static
../Core/Src/lsm6dsl_reg.c:365:9:lsm6dsl_gy_full_scale_get	24	static
../Core/Src/lsm6dsl_reg.c:411:9:lsm6dsl_gy_data_rate_set	24	static
../Core/Src/lsm6dsl_reg.c:436:9:lsm6dsl_gy_data_rate_get	24	static
../Core/Src/lsm6dsl_reg.c:506:9:lsm6dsl_block_data_update_set	24	static
../Core/Src/lsm6dsl_reg.c:530:9:lsm6dsl_block_data_update_get	24	static
../Core/Src/lsm6dsl_reg.c:550:9:lsm6dsl_xl_offset_weight_set	24	static
../Core/Src/lsm6dsl_reg.c:576:9:lsm6dsl_xl_offset_weight_get	24	static
../Core/Src/lsm6dsl_reg.c:610:9:lsm6dsl_xl_power_mode_set	24	static
../Core/Src/lsm6dsl_reg.c:635:9:lsm6dsl_xl_power_mode_get	24	static
../Core/Src/lsm6dsl_reg.c:671:9:lsm6dsl_rounding_on_status_set	24	static
../Core/Src/lsm6dsl_reg.c:698:9:lsm6dsl_rounding_on_status_get	24	static
../Core/Src/lsm6dsl_reg.c:732:9:lsm6dsl_gy_power_mode_set	24	static
../Core/Src/lsm6dsl_reg.c:757:9:lsm6dsl_gy_power_mode_get	24	static
../Core/Src/lsm6dsl_reg.c:792:9:lsm6dsl_all_sources_get	24	static
../Core/Src/lsm6dsl_reg.c:862:9:lsm6dsl_status_reg_get	24	static
../Core/Src/lsm6dsl_reg.c:880:9:lsm6dsl_xl_flag_data_ready_get	24	static
../Core/Src/lsm6dsl_reg.c:901:9:lsm6dsl_gy_flag_data_ready_get	24	static
../Core/Src/lsm6dsl_reg.c:922:9:lsm6dsl_temp_flag_data_ready_get	24	static
../Core/Src/lsm6dsl_reg.c:945:9:lsm6dsl_xl_usr_offset_set	24	static
../Core/Src/lsm6dsl_reg.c:964:9:lsm6dsl_xl_usr_offset_get	24	static
../Core/Src/lsm6dsl_reg.c:995:9:lsm6dsl_timestamp_set	24	static
../Core/Src/lsm6dsl_reg.c:1025:9:lsm6dsl_timestamp_get	24	static
../Core/Src/lsm6dsl_reg.c:1049:9:lsm6dsl_timestamp_res_set	24	static
../Core/Src/lsm6dsl_reg.c:1081:9:lsm6dsl_timestamp_res_get	24	static
../Core/Src/lsm6dsl_reg.c:1129:9:lsm6dsl_rounding_mode_set	24	static
../Core/Src/lsm6dsl_reg.c:1155:9:lsm6dsl_rounding_mode_get	24	static
../Core/Src/lsm6dsl_reg.c:1214:9:lsm6dsl_temperature_raw_get	24	static
../Core/Src/lsm6dsl_reg.c:1235:9:lsm6dsl_angular_rate_raw_get	32	static
../Core/Src/lsm6dsl_reg.c:1260:9:lsm6dsl_acceleration_raw_get	32	static
../Core/Src/lsm6dsl_reg.c:1284:9:lsm6dsl_mag_calibrated_raw_get	32	static
../Core/Src/lsm6dsl_reg.c:1310:9:lsm6dsl_fifo_raw_data_get	32	static
../Core/Src/lsm6dsl_reg.c:1341:9:lsm6dsl_mem_bank_set	24	static
../Core/Src/lsm6dsl_reg.c:1369:9:lsm6dsl_mem_bank_get	24	static
../Core/Src/lsm6dsl_reg.c:1404:9:lsm6dsl_data_ready_mode_set	24	static
../Core/Src/lsm6dsl_reg.c:1431:9:lsm6dsl_data_ready_mode_get	24	static
../Core/Src/lsm6dsl_reg.c:1466:9:lsm6dsl_device_id_get	24	static
../Core/Src/lsm6dsl_reg.c:1483:9:lsm6dsl_reset_set	24	static
../Core/Src/lsm6dsl_reg.c:1507:9:lsm6dsl_reset_get	24	static
../Core/Src/lsm6dsl_reg.c:1526:9:lsm6dsl_data_format_set	24	static
../Core/Src/lsm6dsl_reg.c:1550:9:lsm6dsl_data_format_get	24	static
../Core/Src/lsm6dsl_reg.c:1584:9:lsm6dsl_auto_increment_set	24	static
../Core/Src/lsm6dsl_reg.c:1609:9:lsm6dsl_auto_increment_get	24	static
../Core/Src/lsm6dsl_reg.c:1628:9:lsm6dsl_boot_set	24	static
../Core/Src/lsm6dsl_reg.c:1652:9:lsm6dsl_boot_get	24	static
../Core/Src/lsm6dsl_reg.c:1671:9:lsm6dsl_xl_self_test_set	24	static
../Core/Src/lsm6dsl_reg.c:1696:9:lsm6dsl_xl_self_test_get	24	static
../Core/Src/lsm6dsl_reg.c:1734:9:lsm6dsl_gy_self_test_set	24	static
../Core/Src/lsm6dsl_reg.c:1759:9:lsm6dsl_gy_self_test_get	24	static
../Core/Src/lsm6dsl_reg.c:1811:9:lsm6dsl_filter_settling_mask_set	24	static
../Core/Src/lsm6dsl_reg.c:1837:9:lsm6dsl_filter_settling_mask_get	24	static
../Core/Src/lsm6dsl_reg.c:1858:9:lsm6dsl_xl_hp_path_internal_set	24	static
../Core/Src/lsm6dsl_reg.c:1884:9:lsm6dsl_xl_hp_path_internal_get	24	static
../Core/Src/lsm6dsl_reg.c:1932:9:lsm6dsl_xl_filter_analog_set	24	static
../Core/Src/lsm6dsl_reg.c:1958:9:lsm6dsl_xl_filter_analog_get	24	static
../Core/Src/lsm6dsl_reg.c:2006:9:lsm6dsl_xl_lp1_bandwidth_set	32	static
../Core/Src/lsm6dsl_reg.c:2045:9:lsm6dsl_xl_lp1_bandwidth_get	32	static
../Core/Src/lsm6dsl_reg.c:2094:9:lsm6dsl_xl_lp2_bandwidth_set	24	static
../Core/Src/lsm6dsl_reg.c:2122:9:lsm6dsl_xl_lp2_bandwidth_get	24	static
../Core/Src/lsm6dsl_reg.c:2192:9:lsm6dsl_xl_reference_mode_set	24	static
../Core/Src/lsm6dsl_reg.c:2216:9:lsm6dsl_xl_reference_mode_get	24	static
../Core/Src/lsm6dsl_reg.c:2235:9:lsm6dsl_xl_hp_bandwidth_set	24	static
../Core/Src/lsm6dsl_reg.c:2262:9:lsm6dsl_xl_hp_bandwidth_get	24	static
../Core/Src/lsm6dsl_reg.c:2322:9:lsm6dsl_gy_band_pass_set	32	static
../Core/Src/lsm6dsl_reg.c:2374:9:lsm6dsl_gy_band_pass_get	32	static
../Core/Src/lsm6dsl_reg.c:2474:9:lsm6dsl_spi_mode_set	24	static
../Core/Src/lsm6dsl_reg.c:2498:9:lsm6dsl_spi_mode_get	24	static
../Core/Src/lsm6dsl_reg.c:2531:9:lsm6dsl_i2c_interface_set	24	static
../Core/Src/lsm6dsl_reg.c:2556:9:lsm6dsl_i2c_interface_get	24	static
../Core/Src/lsm6dsl_reg.c:2604:9:lsm6dsl_pin_int1_route_set	48	static
../Core/Src/lsm6dsl_reg.c:2720:9:lsm6dsl_pin_int1_route_get	40	static
../Core/Src/lsm6dsl_reg.c:2776:9:lsm6dsl_pin_int2_route_set	40	static
../Core/Src/lsm6dsl_reg.c:2879:9:lsm6dsl_pin_int2_route_get	32	static
../Core/Src/lsm6dsl_reg.c:2928:9:lsm6dsl_pin_mode_set	24	static
../Core/Src/lsm6dsl_reg.c:2952:9:lsm6dsl_pin_mode_get	24	static
../Core/Src/lsm6dsl_reg.c:2985:9:lsm6dsl_pin_polarity_set	24	static
../Core/Src/lsm6dsl_reg.c:3010:9:lsm6dsl_pin_polarity_get	24	static
../Core/Src/lsm6dsl_reg.c:3044:9:lsm6dsl_all_on_int1_set	24	static
../Core/Src/lsm6dsl_reg.c:3068:9:lsm6dsl_all_on_int1_get	24	static
../Core/Src/lsm6dsl_reg.c:3087:9:lsm6dsl_int_notification_set	24	static
../Core/Src/lsm6dsl_reg.c:3112:9:lsm6dsl_int_notification_get	24	static
../Core/Src/lsm6dsl_reg.c:3159:9:lsm6dsl_wkup_threshold_set	24	static
../Core/Src/lsm6dsl_reg.c:3185:9:lsm6dsl_wkup_threshold_get	24	static
../Core/Src/lsm6dsl_reg.c:3205:9:lsm6dsl_wkup_dur_set	24	static
../Core/Src/lsm6dsl_reg.c:3231:9:lsm6dsl_wkup_dur_get	24	static
../Core/Src/lsm6dsl_reg.c:3264:9:lsm6dsl_gy_sleep_mode_set	24	static
../Core/Src/lsm6dsl_reg.c:3288:9:lsm6dsl_gy_sleep_mode_get	24	static
../Core/Src/lsm6dsl_reg.c:3307:9:lsm6dsl_act_mode_set	24	static
../Core/Src/lsm6dsl_reg.c:3332:9:lsm6dsl_act_mode_get	24	static
../Core/Src/lsm6dsl_reg.c:3374:9:lsm6dsl_act_sleep_dur_set	24	static
../Core/Src/lsm6dsl_reg.c:3400:9:lsm6dsl_act_sleep_dur_get	24	static
../Core/Src/lsm6dsl_reg.c:3433:9:lsm6dsl_tap_src_get	24	static
../Core/Src/lsm6dsl_reg.c:3449:9:lsm6dsl_tap_detection_on_z_set	24	static
../Core/Src/lsm6dsl_reg.c:3473:9:lsm6dsl_tap_detection_on_z_get	24	static
../Core/Src/lsm6dsl_reg.c:3493:9:lsm6dsl_tap_detection_on_y_set	24	static
../Core/Src/lsm6dsl_reg.c:3517:9:lsm6dsl_tap_detection_on_y_get	24	static
../Core/Src/lsm6dsl_reg.c:3537:9:lsm6dsl_tap_detection_on_x_set	24	static
../Core/Src/lsm6dsl_reg.c:3561:9:lsm6dsl_tap_detection_on_x_get	24	static
../Core/Src/lsm6dsl_reg.c:3581:9:lsm6dsl_tap_threshold_x_set	24	static
../Core/Src/lsm6dsl_reg.c:3607:9:lsm6dsl_tap_threshold_x_get	24	static
../Core/Src/lsm6dsl_reg.c:3632:9:lsm6dsl_tap_shock_set	24	static
../Core/Src/lsm6dsl_reg.c:3661:9:lsm6dsl_tap_shock_get	24	static
../Core/Src/lsm6dsl_reg.c:3685:9:lsm6dsl_tap_quiet_set	24	static
../Core/Src/lsm6dsl_reg.c:3714:9:lsm6dsl_tap_quiet_get	24	static
../Core/Src/lsm6dsl_reg.c:3739:9:lsm6dsl_tap_dur_set	24	static
../Core/Src/lsm6dsl_reg.c:3769:9:lsm6dsl_tap_dur_get	24	static
../Core/Src/lsm6dsl_reg.c:3789:9:lsm6dsl_tap_mode_set	24	static
../Core/Src/lsm6dsl_reg.c:3817:9:lsm6dsl_tap_mode_get	24	static
../Core/Src/lsm6dsl_reg.c:3866:9:lsm6dsl_6d_feed_data_set	24	static
../Core/Src/lsm6dsl_reg.c:3891:9:lsm6dsl_6d_feed_data_get	24	static
../Core/Src/lsm6dsl_reg.c:3925:9:lsm6dsl_6d_threshold_set	24	static
../Core/Src/lsm6dsl_reg.c:3952:9:lsm6dsl_6d_threshold_get	24	static
../Core/Src/lsm6dsl_reg.c:3995:9:lsm6dsl_4d_mode_set	24	static
../Core/Src/lsm6dsl_reg.c:4021:9:lsm6dsl_4d_mode_get	24	static
../Core/Src/lsm6dsl_reg.c:4054:9:lsm6dsl_ff_dur_set	32	static
../Core/Src/lsm6dsl_reg.c:4092:9:lsm6dsl_ff_dur_get	32	static
../Core/Src/lsm6dsl_reg.c:4119:9:lsm6dsl_ff_threshold_set	24	static
../Core/Src/lsm6dsl_reg.c:4144:9:lsm6dsl_ff_threshold_get	24	static
../Core/Src/lsm6dsl_reg.c:4215:9:lsm6dsl_fifo_watermark_set	32	static
../Core/Src/lsm6dsl_reg.c:4249:9:lsm6dsl_fifo_watermark_get	32	static
../Core/Src/lsm6dsl_reg.c:4279:9:lsm6dsl_fifo_data_level_get	32	static
../Core/Src/lsm6dsl_reg.c:4307:9:lsm6dsl_fifo_wtm_flag_get	24	static
../Core/Src/lsm6dsl_reg.c:4328:9:lsm6dsl_fifo_pattern_get	32	static
../Core/Src/lsm6dsl_reg.c:4356:9:lsm6dsl_fifo_temp_batch_set	24	static
../Core/Src/lsm6dsl_reg.c:4382:9:lsm6dsl_fifo_temp_batch_get	24	static
../Core/Src/lsm6dsl_reg.c:4403:9:lsm6dsl_fifo_write_trigger_set	32	static
../Core/Src/lsm6dsl_reg.c:4445:9:lsm6dsl_fifo_write_trigger_get	32	static
../Core/Src/lsm6dsl_reg.c:4493:9:lsm6dsl_fifo_pedo_and_timestamp_batch_set	24	static
../Core/Src/lsm6dsl_reg.c:4521:9:lsm6dsl_fifo_pedo_and_timestamp_batch_get	24	static
../Core/Src/lsm6dsl_reg.c:4543:9:lsm6dsl_fifo_xl_batch_set	24	static
../Core/Src/lsm6dsl_reg.c:4571:9:lsm6dsl_fifo_xl_batch_get	24	static
../Core/Src/lsm6dsl_reg.c:4631:9:lsm6dsl_fifo_gy_batch_set	24	static
../Core/Src/lsm6dsl_reg.c:4659:9:lsm6dsl_fifo_gy_batch_get	24	static
../Core/Src/lsm6dsl_reg.c:4719:9:lsm6dsl_fifo_dataset_3_batch_set	24	static
../Core/Src/lsm6dsl_reg.c:4747:9:lsm6dsl_fifo_dataset_3_batch_get	24	static
../Core/Src/lsm6dsl_reg.c:4807:9:lsm6dsl_fifo_dataset_4_batch_set	24	static
../Core/Src/lsm6dsl_reg.c:4835:9:lsm6dsl_fifo_dataset_4_batch_get	24	static
../Core/Src/lsm6dsl_reg.c:4894:9:lsm6dsl_fifo_xl_gy_8bit_format_set	24	static
../Core/Src/lsm6dsl_reg.c:4921:9:lsm6dsl_fifo_xl_gy_8bit_format_get	24	static
../Core/Src/lsm6dsl_reg.c:4943:9:lsm6dsl_fifo_stop_on_wtm_set	24	static
../Core/Src/lsm6dsl_reg.c:4970:9:lsm6dsl_fifo_stop_on_wtm_get	24	static
../Core/Src/lsm6dsl_reg.c:4990:9:lsm6dsl_fifo_mode_set	24	static
../Core/Src/lsm6dsl_reg.c:5017:9:lsm6dsl_fifo_mode_get	24	static
../Core/Src/lsm6dsl_reg.c:5064:9:lsm6dsl_fifo_data_rate_set	24	static
../Core/Src/lsm6dsl_reg.c:5091:9:lsm6dsl_fifo_data_rate_get	24	static
../Core/Src/lsm6dsl_reg.c:5175:9:lsm6dsl_den_polarity_set	24	static
../Core/Src/lsm6dsl_reg.c:5200:9:lsm6dsl_den_polarity_get	24	static
../Core/Src/lsm6dsl_reg.c:5234:9:lsm6dsl_den_mode_set	24	static
../Core/Src/lsm6dsl_reg.c:5259:9:lsm6dsl_den_mode_get	24	static
../Core/Src/lsm6dsl_reg.c:5302:9:lsm6dsl_den_enable_set	32	static
../Core/Src/lsm6dsl_reg.c:5340:9:lsm6dsl_den_enable_get	32	static
../Core/Src/lsm6dsl_reg.c:5384:9:lsm6dsl_den_mark_axis_z_set	24	static
../Core/Src/lsm6dsl_reg.c:5408:9:lsm6dsl_den_mark_axis_z_get	24	static
../Core/Src/lsm6dsl_reg.c:5427:9:lsm6dsl_den_mark_axis_y_set	24	static
../Core/Src/lsm6dsl_reg.c:5451:9:lsm6dsl_den_mark_axis_y_get	24	static
../Core/Src/lsm6dsl_reg.c:5470:9:lsm6dsl_den_mark_axis_x_set	24	static
../Core/Src/lsm6dsl_reg.c:5494:9:lsm6dsl_den_mark_axis_x_get	24	static
../Core/Src/lsm6dsl_reg.c:5525:9:lsm6dsl_pedo_step_reset_set	24	static
../Core/Src/lsm6dsl_reg.c:5549:9:lsm6dsl_pedo_step_reset_get	24	static
../Core/Src/lsm6dsl_reg.c:5568:9:lsm6dsl_pedo_sens_set	24	static
../Core/Src/lsm6dsl_reg.c:5598:9:lsm6dsl_pedo_sens_get	24	static
../Core/Src/lsm6dsl_reg.c:5618:9:lsm6dsl_pedo_threshold_set	24	static
../Core/Src/lsm6dsl_reg.c:5654:9:lsm6dsl_pedo_threshold_get	24	static
../Core/Src/lsm6dsl_reg.c:5685:9:lsm6dsl_pedo_full_scale_set	24	static
../Core/Src/lsm6dsl_reg.c:5723:9:lsm6dsl_pedo_full_scale_get	24	static
../Core/Src/lsm6dsl_reg.c:5768:9:lsm6dsl_pedo_debounce_steps_set	24	static
../Core/Src/lsm6dsl_reg.c:5805:9:lsm6dsl_pedo_debounce_steps_get	24	static
../Core/Src/lsm6dsl_reg.c:5838:9:lsm6dsl_pedo_timeout_set	24	static
../Core/Src/lsm6dsl_reg.c:5876:9:lsm6dsl_pedo_timeout_get	24	static
../Core/Src/lsm6dsl_reg.c:5906:9:lsm6dsl_pedo_steps_period_set	24	static
../Core/Src/lsm6dsl_reg.c:5934:9:lsm6dsl_pedo_steps_period_get	24	static
../Core/Src/lsm6dsl_reg.c:5975:9:lsm6dsl_motion_sens_set	24	static
../Core/Src/lsm6dsl_reg.c:6004:9:lsm6dsl_motion_sens_get	24	static
../Core/Src/lsm6dsl_reg.c:6023:9:lsm6dsl_motion_threshold_set	24	static
../Core/Src/lsm6dsl_reg.c:6050:9:lsm6dsl_motion_threshold_get	24	static
../Core/Src/lsm6dsl_reg.c:6090:9:lsm6dsl_tilt_sens_set	24	static
../Core/Src/lsm6dsl_reg.c:6120:9:lsm6dsl_tilt_sens_get	24	static
../Core/Src/lsm6dsl_reg.c:6139:9:lsm6dsl_wrist_tilt_sens_set	24	static
../Core/Src/lsm6dsl_reg.c:6169:9:lsm6dsl_wrist_tilt_sens_get	24	static
../Core/Src/lsm6dsl_reg.c:6190:9:lsm6dsl_tilt_latency_set	24	static
../Core/Src/lsm6dsl_reg.c:6219:9:lsm6dsl_tilt_latency_get	24	static
../Core/Src/lsm6dsl_reg.c:6248:9:lsm6dsl_tilt_threshold_set	24	static
../Core/Src/lsm6dsl_reg.c:6277:9:lsm6dsl_tilt_threshold_get	24	static
../Core/Src/lsm6dsl_reg.c:6304:9:lsm6dsl_tilt_src_set	24	static
../Core/Src/lsm6dsl_reg.c:6333:9:lsm6dsl_tilt_src_get	24	static
../Core/Src/lsm6dsl_reg.c:6375:9:lsm6dsl_mag_soft_iron_set	24	static
../Core/Src/lsm6dsl_reg.c:6399:9:lsm6dsl_mag_soft_iron_get	24	static
../Core/Src/lsm6dsl_reg.c:6418:9:lsm6dsl_mag_hard_iron_set	32	static
../Core/Src/lsm6dsl_reg.c:6461:9:lsm6dsl_mag_hard_iron_get	24	static
../Core/Src/lsm6dsl_reg.c:6482:9:lsm6dsl_mag_soft_iron_mat_set	24	static
../Core/Src/lsm6dsl_reg.c:6511:9:lsm6dsl_mag_soft_iron_mat_get	24	static
../Core/Src/lsm6dsl_reg.c:6540:9:lsm6dsl_mag_offset_set	32	static
../Core/Src/lsm6dsl_reg.c:6575:9:lsm6dsl_mag_offset_get	32	static
../Core/Src/lsm6dsl_reg.c:6622:9:lsm6dsl_func_en_set	24	static
../Core/Src/lsm6dsl_reg.c:6647:9:lsm6dsl_sh_sync_sens_frame_set	24	static
../Core/Src/lsm6dsl_reg.c:6674:9:lsm6dsl_sh_sync_sens_frame_get	24	static
../Core/Src/lsm6dsl_reg.c:6695:9:lsm6dsl_sh_sync_sens_ratio_set	24	static
../Core/Src/lsm6dsl_reg.c:6722:9:lsm6dsl_sh_sync_sens_ratio_get	24	static
../Core/Src/lsm6dsl_reg.c:6765:9:lsm6dsl_sh_master_set	24	static
../Core/Src/lsm6dsl_reg.c:6791:9:lsm6dsl_sh_master_get	24	static
../Core/Src/lsm6dsl_reg.c:6811:9:lsm6dsl_sh_pass_through_set	24	static
../Core/Src/lsm6dsl_reg.c:6837:9:lsm6dsl_sh_pass_through_get	24	static
../Core/Src/lsm6dsl_reg.c:6857:9:lsm6dsl_sh_pin_mode_set	24	static
../Core/Src/lsm6dsl_reg.c:6884:9:lsm6dsl_sh_pin_mode_get	24	static
../Core/Src/lsm6dsl_reg.c:6919:9:lsm6dsl_sh_syncro_mode_set	24	static
../Core/Src/lsm6dsl_reg.c:6946:9:lsm6dsl_sh_syncro_mode_get	24	static
../Core/Src/lsm6dsl_reg.c:6981:9:lsm6dsl_sh_drdy_on_int1_set	24	static
../Core/Src/lsm6dsl_reg.c:7007:9:lsm6dsl_sh_drdy_on_int1_get	24	static
../Core/Src/lsm6dsl_reg.c:7027:9:lsm6dsl_sh_read_data_raw_get	24	static
../Core/Src/lsm6dsl_reg.c:7053:9:lsm6dsl_sh_cmd_sens_sync_set	24	static
../Core/Src/lsm6dsl_reg.c:7080:9:lsm6dsl_sh_cmd_sens_sync_get	24	static
../Core/Src/lsm6dsl_reg.c:7101:9:lsm6dsl_sh_spi_sync_error_set	24	static
../Core/Src/lsm6dsl_reg.c:7128:9:lsm6dsl_sh_spi_sync_error_get	24	static
../Core/Src/lsm6dsl_reg.c:7148:9:lsm6dsl_sh_num_of_dev_connected_set	24	static
../Core/Src/lsm6dsl_reg.c:7185:9:lsm6dsl_sh_num_of_dev_connected_get	24	static
../Core/Src/lsm6dsl_reg.c:7241:9:lsm6dsl_sh_cfg_write	24	static
../Core/Src/lsm6dsl_reg.c:7287:9:lsm6dsl_sh_slv0_cfg_read	32	static
../Core/Src/lsm6dsl_reg.c:7341:9:lsm6dsl_sh_slv1_cfg_read	32	static
../Core/Src/lsm6dsl_reg.c:7395:9:lsm6dsl_sh_slv2_cfg_read	32	static
../Core/Src/lsm6dsl_reg.c:7449:9:lsm6dsl_sh_slv3_cfg_read	32	static
../Core/Src/lsm6dsl_reg.c:7501:9:lsm6dsl_sh_slave_0_dec_set	24	static
../Core/Src/lsm6dsl_reg.c:7539:9:lsm6dsl_sh_slave_0_dec_get	24	static
../Core/Src/lsm6dsl_reg.c:7595:9:lsm6dsl_sh_write_mode_set	24	static
../Core/Src/lsm6dsl_reg.c:7635:9:lsm6dsl_sh_write_mode_get	24	static
../Core/Src/lsm6dsl_reg.c:7681:9:lsm6dsl_sh_slave_1_dec_set	24	static
../Core/Src/lsm6dsl_reg.c:7718:9:lsm6dsl_sh_slave_1_dec_get	24	static
../Core/Src/lsm6dsl_reg.c:7772:9:lsm6dsl_sh_slave_2_dec_set	24	static
../Core/Src/lsm6dsl_reg.c:7810:9:lsm6dsl_sh_slave_2_dec_get	24	static
../Core/Src/lsm6dsl_reg.c:7864:9:lsm6dsl_sh_slave_3_dec_set	24	static
../Core/Src/lsm6dsl_reg.c:7902:9:lsm6dsl_sh_slave_3_dec_get	24	static
